[2022-05-13T16:13:30.972+0700][0.009s] Using G1
[2022-05-13T16:13:31.098+0700][0.136s] Version: 17.0.3.1+2-LTS-6 (release)
[2022-05-13T16:13:31.098+0700][0.136s] CPUs: 8 total, 8 available
[2022-05-13T16:13:31.098+0700][0.136s] Memory: 8029M
[2022-05-13T16:13:31.098+0700][0.136s] Large Page Support: Disabled
[2022-05-13T16:13:31.098+0700][0.136s] NUMA Support: Disabled
[2022-05-13T16:13:31.098+0700][0.136s] Compressed Oops: Enabled (32-bit)
[2022-05-13T16:13:31.098+0700][0.136s] Heap Region Size: 1M
[2022-05-13T16:13:31.098+0700][0.136s] Heap Min Capacity: 512M
[2022-05-13T16:13:31.098+0700][0.136s] Heap Initial Capacity: 512M
[2022-05-13T16:13:31.098+0700][0.136s] Heap Max Capacity: 512M
[2022-05-13T16:13:31.098+0700][0.136s] Pre-touch: Enabled
[2022-05-13T16:13:31.098+0700][0.137s] Parallel Workers: 8
[2022-05-13T16:13:31.098+0700][0.137s] Concurrent Workers: 2
[2022-05-13T16:13:31.098+0700][0.137s] Concurrent Refinement Workers: 8
[2022-05-13T16:13:31.098+0700][0.137s] Periodic GC: Disabled
[2022-05-13T16:13:31.099+0700][0.137s] CDS archive(s) mapped at: [0x0000000800000000-0x0000000800bc0000-0x0000000800bc0000), size 12320768, SharedBaseAddress: 0x0000000800000000, ArchiveRelocationMode: 0.
[2022-05-13T16:13:31.099+0700][0.137s] Compressed class space mapped at: 0x0000000800c00000-0x0000000840c00000, reserved size: 1073741824
[2022-05-13T16:13:31.099+0700][0.137s] Narrow klass base: 0x0000000800000000, Narrow klass shift: 0, Narrow klass range: 0x100000000
[2022-05-13T16:13:31.733+0700][0.771s] GC(0) Pause Young (Normal) (G1 Evacuation Pause)
[2022-05-13T16:13:31.733+0700][0.771s] GC(0) Using 8 workers of 8 for evacuation
[2022-05-13T16:13:31.737+0700][0.774s] GC(0)   Pre Evacuate Collection Set: 0.0ms
[2022-05-13T16:13:31.737+0700][0.774s] GC(0)   Merge Heap Roots: 0.0ms
[2022-05-13T16:13:31.737+0700][0.774s] GC(0)   Evacuate Collection Set: 2.7ms
[2022-05-13T16:13:31.737+0700][0.774s] GC(0)   Post Evacuate Collection Set: 0.3ms
[2022-05-13T16:13:31.737+0700][0.774s] GC(0)   Other: 0.3ms
[2022-05-13T16:13:31.737+0700][0.774s] GC(0) Eden regions: 29->0(37)
[2022-05-13T16:13:31.737+0700][0.774s] GC(0) Survivor regions: 0->4(4)
[2022-05-13T16:13:31.737+0700][0.774s] GC(0) Old regions: 0->3
[2022-05-13T16:13:31.737+0700][0.774s] GC(0) Archive regions: 0->0
[2022-05-13T16:13:31.737+0700][0.774s] GC(0) Humongous regions: 4->4
[2022-05-13T16:13:31.737+0700][0.774s] GC(0) Metaspace: 9895K(10112K)->9895K(10112K) NonClass: 8727K(8832K)->8727K(8832K) Class: 1167K(1280K)->1167K(1280K)
[2022-05-13T16:13:31.737+0700][0.774s] GC(0) Pause Young (Normal) (G1 Evacuation Pause) 33M->10M(512M) 3.467ms
[2022-05-13T16:13:31.737+0700][0.774s] GC(0) User=0.00s Sys=0.00s Real=0.00s
[2022-05-13T16:13:32.186+0700][1.225s] GC(1) Pause Young (Normal) (G1 Evacuation Pause)
[2022-05-13T16:13:32.186+0700][1.225s] GC(1) Using 8 workers of 8 for evacuation
[2022-05-13T16:13:32.186+0700][1.231s] GC(1)   Pre Evacuate Collection Set: 0.1ms
[2022-05-13T16:13:32.186+0700][1.231s] GC(1)   Merge Heap Roots: 0.0ms
[2022-05-13T16:13:32.186+0700][1.231s] GC(1)   Evacuate Collection Set: 5.4ms
[2022-05-13T16:13:32.186+0700][1.231s] GC(1)   Post Evacuate Collection Set: 0.4ms
[2022-05-13T16:13:32.186+0700][1.231s] GC(1)   Other: 0.1ms
[2022-05-13T16:13:32.186+0700][1.231s] GC(1) Eden regions: 32->0(46)
[2022-05-13T16:13:32.186+0700][1.231s] GC(1) Survivor regions: 4->5(5)
[2022-05-13T16:13:32.186+0700][1.231s] GC(1) Old regions: 3->10
[2022-05-13T16:13:32.186+0700][1.231s] GC(1) Archive regions: 0->0
[2022-05-13T16:13:32.186+0700][1.231s] GC(1) Humongous regions: 4->4
[2022-05-13T16:13:32.186+0700][1.231s] GC(1) Metaspace: 15540K(15744K)->15540K(15744K) NonClass: 13722K(13824K)->13722K(13824K) Class: 1818K(1920K)->1818K(1920K)
[2022-05-13T16:13:32.186+0700][1.231s] GC(1) Pause Young (Normal) (G1 Evacuation Pause) 42M->18M(512M) 6.115ms
[2022-05-13T16:13:32.186+0700][1.231s] GC(1) User=0.00s Sys=0.00s Real=0.00s
[2022-05-13T16:13:32.530+0700][1.571s] GC(2) Pause Young (Normal) (G1 Evacuation Pause)
[2022-05-13T16:13:32.530+0700][1.571s] GC(2) Using 8 workers of 8 for evacuation
[2022-05-13T16:13:32.530+0700][1.574s] GC(2)   Pre Evacuate Collection Set: 0.1ms
[2022-05-13T16:13:32.530+0700][1.574s] GC(2)   Merge Heap Roots: 0.1ms
[2022-05-13T16:13:32.530+0700][1.574s] GC(2)   Evacuate Collection Set: 2.6ms
[2022-05-13T16:13:32.530+0700][1.574s] GC(2)   Post Evacuate Collection Set: 0.7ms
[2022-05-13T16:13:32.530+0700][1.574s] GC(2)   Other: 0.1ms
[2022-05-13T16:13:32.530+0700][1.574s] GC(2) Eden regions: 46->0(80)
[2022-05-13T16:13:32.530+0700][1.575s] GC(2) Survivor regions: 5->6(7)
[2022-05-13T16:13:32.530+0700][1.575s] GC(2) Old regions: 10->16
[2022-05-13T16:13:32.530+0700][1.575s] GC(2) Archive regions: 0->0
[2022-05-13T16:13:32.530+0700][1.575s] GC(2) Humongous regions: 4->4
[2022-05-13T16:13:32.530+0700][1.575s] GC(2) Metaspace: 21217K(21504K)->21217K(21504K) NonClass: 18812K(18944K)->18812K(18944K) Class: 2404K(2560K)->2404K(2560K)
[2022-05-13T16:13:32.530+0700][1.575s] GC(2) Pause Young (Normal) (G1 Evacuation Pause) 64M->24M(512M) 3.723ms
[2022-05-13T16:13:32.530+0700][1.575s] GC(2) User=0.00s Sys=0.00s Real=0.00s
[2022-05-13T16:13:32.530+0700][1.576s] GC(3) Pause Young (Concurrent Start) (Metadata GC Threshold)
[2022-05-13T16:13:32.530+0700][1.576s] GC(3) Using 8 workers of 8 for evacuation
[2022-05-13T16:13:32.530+0700][1.578s] GC(3)   Pre Evacuate Collection Set: 0.1ms
[2022-05-13T16:13:32.530+0700][1.578s] GC(3)   Merge Heap Roots: 0.1ms
[2022-05-13T16:13:32.530+0700][1.578s] GC(3)   Evacuate Collection Set: 1.2ms
[2022-05-13T16:13:32.530+0700][1.578s] GC(3)   Post Evacuate Collection Set: 0.2ms
[2022-05-13T16:13:32.530+0700][1.578s] GC(3)   Other: 0.1ms
[2022-05-13T16:13:32.530+0700][1.578s] GC(3) Eden regions: 1->0(115)
[2022-05-13T16:13:32.530+0700][1.578s] GC(3) Survivor regions: 6->5(11)
[2022-05-13T16:13:32.530+0700][1.578s] GC(3) Old regions: 16->16
[2022-05-13T16:13:32.530+0700][1.578s] GC(3) Archive regions: 0->0
[2022-05-13T16:13:32.530+0700][1.578s] GC(3) Humongous regions: 4->4
[2022-05-13T16:13:32.530+0700][1.578s] GC(3) Metaspace: 21235K(21504K)->21235K(21504K) NonClass: 18829K(18944K)->18829K(18944K) Class: 2405K(2560K)->2405K(2560K)
[2022-05-13T16:13:32.530+0700][1.578s] GC(3) Pause Young (Concurrent Start) (Metadata GC Threshold) 25M->24M(512M) 1.816ms
[2022-05-13T16:13:32.530+0700][1.578s] GC(3) User=0.00s Sys=0.00s Real=0.00s
[2022-05-13T16:13:32.530+0700][1.578s] GC(4) Concurrent Mark Cycle
[2022-05-13T16:13:32.530+0700][1.578s] GC(4) Concurrent Clear Claimed Marks
[2022-05-13T16:13:32.530+0700][1.578s] GC(4) Concurrent Clear Claimed Marks 0.013ms
[2022-05-13T16:13:32.530+0700][1.578s] GC(4) Concurrent Scan Root Regions
[2022-05-13T16:13:32.530+0700][1.578s] GC(4) Concurrent Scan Root Regions 0.600ms
[2022-05-13T16:13:32.530+0700][1.578s] GC(4) Concurrent Mark
[2022-05-13T16:13:32.530+0700][1.578s] GC(4) Concurrent Mark From Roots
[2022-05-13T16:13:32.530+0700][1.578s] GC(4) Using 2 workers of 2 for marking
[2022-05-13T16:13:32.546+0700][1.589s] GC(4) Concurrent Mark From Roots 10.729ms
[2022-05-13T16:13:32.546+0700][1.589s] GC(4) Concurrent Preclean
[2022-05-13T16:13:32.546+0700][1.589s] GC(4) Concurrent Preclean 0.063ms
[2022-05-13T16:13:32.546+0700][1.589s] GC(4) Pause Remark
[2022-05-13T16:13:32.546+0700][1.590s] GC(4) Pause Remark 25M->25M(512M) 1.142ms
[2022-05-13T16:13:32.546+0700][1.591s] GC(4) User=0.00s Sys=0.00s Real=0.00s
[2022-05-13T16:13:32.546+0700][1.591s] GC(4) Concurrent Mark 12.203ms
[2022-05-13T16:13:32.546+0700][1.591s] GC(4) Concurrent Rebuild Remembered Sets
[2022-05-13T16:13:32.546+0700][1.596s] GC(4) Concurrent Rebuild Remembered Sets 5.000ms
[2022-05-13T16:13:32.546+0700][1.596s] GC(4) Pause Cleanup
[2022-05-13T16:13:32.546+0700][1.596s] GC(4) Pause Cleanup 26M->26M(512M) 0.106ms
[2022-05-13T16:13:32.546+0700][1.596s] GC(4) User=0.00s Sys=0.00s Real=0.00s
[2022-05-13T16:13:32.546+0700][1.596s] GC(4) Concurrent Cleanup for Next Mark
[2022-05-13T16:13:32.546+0700][1.596s] GC(4) Concurrent Cleanup for Next Mark 0.574ms
[2022-05-13T16:13:32.546+0700][1.596s] GC(4) Concurrent Mark Cycle 18.802ms
[2022-05-13T16:13:37.978+0700][7.030s] GC(5) Pause Young (Concurrent Start) (Metadata GC Threshold)
[2022-05-13T16:13:37.978+0700][7.030s] GC(5) Using 8 workers of 8 for evacuation
[2022-05-13T16:13:37.993+0700][7.035s] GC(5)   Pre Evacuate Collection Set: 0.1ms
[2022-05-13T16:13:37.993+0700][7.035s] GC(5)   Merge Heap Roots: 0.0ms
[2022-05-13T16:13:37.993+0700][7.035s] GC(5)   Evacuate Collection Set: 4.6ms
[2022-05-13T16:13:37.993+0700][7.035s] GC(5)   Post Evacuate Collection Set: 0.4ms
[2022-05-13T16:13:37.993+0700][7.035s] GC(5)   Other: 0.2ms
[2022-05-13T16:13:37.993+0700][7.035s] GC(5) Eden regions: 79->0(295)
[2022-05-13T16:13:37.993+0700][7.035s] GC(5) Survivor regions: 5->12(15)
[2022-05-13T16:13:37.993+0700][7.035s] GC(5) Old regions: 16->16
[2022-05-13T16:13:37.993+0700][7.035s] GC(5) Archive regions: 0->0
[2022-05-13T16:13:37.993+0700][7.035s] GC(5) Humongous regions: 5->4
[2022-05-13T16:13:37.993+0700][7.035s] GC(5) Metaspace: 36315K(36608K)->36315K(36608K) NonClass: 32025K(32128K)->32025K(32128K) Class: 4290K(4480K)->4290K(4480K)
[2022-05-13T16:13:37.993+0700][7.035s] GC(5) Pause Young (Concurrent Start) (Metadata GC Threshold) 104M->30M(512M) 5.371ms
[2022-05-13T16:13:37.993+0700][7.035s] GC(5) User=0.12s Sys=0.00s Real=0.02s
[2022-05-13T16:13:37.993+0700][7.035s] GC(6) Concurrent Mark Cycle
[2022-05-13T16:13:37.993+0700][7.035s] GC(6) Concurrent Clear Claimed Marks
[2022-05-13T16:13:37.993+0700][7.035s] GC(6) Concurrent Clear Claimed Marks 0.024ms
[2022-05-13T16:13:37.993+0700][7.035s] GC(6) Concurrent Scan Root Regions
[2022-05-13T16:13:37.993+0700][7.038s] GC(6) Concurrent Scan Root Regions 2.543ms
[2022-05-13T16:13:37.993+0700][7.038s] GC(6) Concurrent Mark
[2022-05-13T16:13:37.993+0700][7.038s] GC(6) Concurrent Mark From Roots
[2022-05-13T16:13:37.993+0700][7.038s] GC(6) Using 2 workers of 2 for marking
[2022-05-13T16:13:38.009+0700][7.047s] GC(6) Concurrent Mark From Roots 9.680ms
[2022-05-13T16:13:38.009+0700][7.047s] GC(6) Concurrent Preclean
[2022-05-13T16:13:38.009+0700][7.048s] GC(6) Concurrent Preclean 0.083ms
[2022-05-13T16:13:38.009+0700][7.048s] GC(6) Pause Remark
[2022-05-13T16:13:38.009+0700][7.049s] GC(6) Pause Remark 32M->32M(512M) 1.379ms
[2022-05-13T16:13:38.009+0700][7.049s] GC(6) User=0.00s Sys=0.00s Real=0.00s
[2022-05-13T16:13:38.009+0700][7.049s] GC(6) Concurrent Mark 11.327ms
[2022-05-13T16:13:38.009+0700][7.049s] GC(6) Concurrent Rebuild Remembered Sets
[2022-05-13T16:13:38.009+0700][7.054s] GC(6) Concurrent Rebuild Remembered Sets 5.041ms
[2022-05-13T16:13:38.009+0700][7.054s] GC(6) Pause Cleanup
[2022-05-13T16:13:38.009+0700][7.054s] GC(6) Pause Cleanup 32M->32M(512M) 0.103ms
[2022-05-13T16:13:38.009+0700][7.054s] GC(6) User=0.00s Sys=0.00s Real=0.00s
[2022-05-13T16:13:38.009+0700][7.054s] GC(6) Concurrent Cleanup for Next Mark
[2022-05-13T16:13:38.009+0700][7.055s] GC(6) Concurrent Cleanup for Next Mark 0.656ms
[2022-05-13T16:13:38.009+0700][7.055s] GC(6) Concurrent Mark Cycle 19.961ms
