[2022-05-13T15:25:02.849+0700][0.007s] Using G1
[2022-05-13T15:25:02.989+0700][0.141s] Version: 17.0.3.1+2-LTS-6 (release)
[2022-05-13T15:25:02.989+0700][0.141s] CPUs: 8 total, 8 available
[2022-05-13T15:25:02.989+0700][0.141s] Memory: 8029M
[2022-05-13T15:25:02.989+0700][0.141s] Large Page Support: Disabled
[2022-05-13T15:25:02.989+0700][0.141s] NUMA Support: Disabled
[2022-05-13T15:25:02.989+0700][0.141s] Compressed Oops: Enabled (32-bit)
[2022-05-13T15:25:02.989+0700][0.141s] Heap Region Size: 1M
[2022-05-13T15:25:02.989+0700][0.141s] Heap Min Capacity: 512M
[2022-05-13T15:25:02.989+0700][0.141s] Heap Initial Capacity: 512M
[2022-05-13T15:25:02.989+0700][0.141s] Heap Max Capacity: 512M
[2022-05-13T15:25:02.989+0700][0.141s] Pre-touch: Enabled
[2022-05-13T15:25:02.989+0700][0.141s] Parallel Workers: 8
[2022-05-13T15:25:02.989+0700][0.141s] Concurrent Workers: 2
[2022-05-13T15:25:02.989+0700][0.141s] Concurrent Refinement Workers: 8
[2022-05-13T15:25:02.989+0700][0.141s] Periodic GC: Disabled
[2022-05-13T15:25:02.989+0700][0.141s] CDS archive(s) mapped at: [0x0000000800000000-0x0000000800bc0000-0x0000000800bc0000), size 12320768, SharedBaseAddress: 0x0000000800000000, ArchiveRelocationMode: 0.
[2022-05-13T15:25:02.989+0700][0.141s] Compressed class space mapped at: 0x0000000800c00000-0x0000000840c00000, reserved size: 1073741824
[2022-05-13T15:25:02.989+0700][0.141s] Narrow klass base: 0x0000000800000000, Narrow klass shift: 0, Narrow klass range: 0x100000000
[2022-05-13T15:25:03.630+0700][0.778s] GC(0) Pause Young (Normal) (G1 Evacuation Pause)
[2022-05-13T15:25:03.630+0700][0.778s] GC(0) Using 8 workers of 8 for evacuation
[2022-05-13T15:25:03.630+0700][0.781s] GC(0)   Pre Evacuate Collection Set: 0.0ms
[2022-05-13T15:25:03.630+0700][0.781s] GC(0)   Merge Heap Roots: 0.0ms
[2022-05-13T15:25:03.630+0700][0.781s] GC(0)   Evacuate Collection Set: 2.8ms
[2022-05-13T15:25:03.630+0700][0.781s] GC(0)   Post Evacuate Collection Set: 0.3ms
[2022-05-13T15:25:03.630+0700][0.781s] GC(0)   Other: 0.3ms
[2022-05-13T15:25:03.630+0700][0.781s] GC(0) Eden regions: 29->0(37)
[2022-05-13T15:25:03.630+0700][0.781s] GC(0) Survivor regions: 0->4(4)
[2022-05-13T15:25:03.630+0700][0.781s] GC(0) Old regions: 0->3
[2022-05-13T15:25:03.630+0700][0.781s] GC(0) Archive regions: 0->0
[2022-05-13T15:25:03.630+0700][0.781s] GC(0) Humongous regions: 4->4
[2022-05-13T15:25:03.630+0700][0.781s] GC(0) Metaspace: 9880K(10112K)->9880K(10112K) NonClass: 8712K(8832K)->8712K(8832K) Class: 1167K(1280K)->1167K(1280K)
[2022-05-13T15:25:03.630+0700][0.781s] GC(0) Pause Young (Normal) (G1 Evacuation Pause) 33M->10M(512M) 3.509ms
[2022-05-13T15:25:03.630+0700][0.781s] GC(0) User=0.00s Sys=0.00s Real=0.00s
[2022-05-13T15:25:04.052+0700][1.213s] GC(1) Pause Young (Normal) (G1 Evacuation Pause)
[2022-05-13T15:25:04.052+0700][1.213s] GC(1) Using 8 workers of 8 for evacuation
[2022-05-13T15:25:04.067+0700][1.219s] GC(1)   Pre Evacuate Collection Set: 0.0ms
[2022-05-13T15:25:04.067+0700][1.219s] GC(1)   Merge Heap Roots: 0.0ms
[2022-05-13T15:25:04.067+0700][1.219s] GC(1)   Evacuate Collection Set: 5.3ms
[2022-05-13T15:25:04.067+0700][1.219s] GC(1)   Post Evacuate Collection Set: 0.5ms
[2022-05-13T15:25:04.067+0700][1.219s] GC(1)   Other: 0.1ms
[2022-05-13T15:25:04.067+0700][1.219s] GC(1) Eden regions: 30->0(45)
[2022-05-13T15:25:04.067+0700][1.219s] GC(1) Survivor regions: 4->5(5)
[2022-05-13T15:25:04.067+0700][1.219s] GC(1) Old regions: 3->10
[2022-05-13T15:25:04.067+0700][1.219s] GC(1) Archive regions: 0->0
[2022-05-13T15:25:04.067+0700][1.219s] GC(1) Humongous regions: 4->4
[2022-05-13T15:25:04.067+0700][1.219s] GC(1) Metaspace: 15533K(15744K)->15533K(15744K) NonClass: 13714K(13824K)->13714K(13824K) Class: 1818K(1920K)->1818K(1920K)
[2022-05-13T15:25:04.067+0700][1.219s] GC(1) Pause Young (Normal) (G1 Evacuation Pause) 40M->18M(512M) 6.128ms
[2022-05-13T15:25:04.067+0700][1.219s] GC(1) User=0.12s Sys=0.00s Real=0.01s
[2022-05-13T15:25:04.380+0700][1.533s] GC(2) Pause Young (Normal) (G1 Evacuation Pause)
[2022-05-13T15:25:04.380+0700][1.533s] GC(2) Using 8 workers of 8 for evacuation
[2022-05-13T15:25:04.380+0700][1.536s] GC(2)   Pre Evacuate Collection Set: 0.1ms
[2022-05-13T15:25:04.380+0700][1.536s] GC(2)   Merge Heap Roots: 0.1ms
[2022-05-13T15:25:04.380+0700][1.536s] GC(2)   Evacuate Collection Set: 2.5ms
[2022-05-13T15:25:04.380+0700][1.536s] GC(2)   Post Evacuate Collection Set: 0.6ms
[2022-05-13T15:25:04.380+0700][1.536s] GC(2)   Other: 0.3ms
[2022-05-13T15:25:04.380+0700][1.536s] GC(2) Eden regions: 45->0(98)
[2022-05-13T15:25:04.380+0700][1.536s] GC(2) Survivor regions: 5->6(7)
[2022-05-13T15:25:04.380+0700][1.536s] GC(2) Old regions: 10->15
[2022-05-13T15:25:04.380+0700][1.536s] GC(2) Archive regions: 0->0
[2022-05-13T15:25:04.380+0700][1.536s] GC(2) Humongous regions: 4->4
[2022-05-13T15:25:04.380+0700][1.536s] GC(2) Metaspace: 20590K(20928K)->20590K(20928K) NonClass: 18262K(18432K)->18262K(18432K) Class: 2327K(2496K)->2327K(2496K)
[2022-05-13T15:25:04.380+0700][1.536s] GC(2) Pause Young (Normal) (G1 Evacuation Pause) 63M->24M(512M) 3.668ms
[2022-05-13T15:25:04.380+0700][1.536s] GC(2) User=0.00s Sys=0.00s Real=0.00s
[2022-05-13T15:25:04.395+0700][1.555s] GC(3) Pause Young (Concurrent Start) (Metadata GC Threshold)
[2022-05-13T15:25:04.395+0700][1.555s] GC(3) Using 8 workers of 8 for evacuation
[2022-05-13T15:25:04.395+0700][1.557s] GC(3)   Pre Evacuate Collection Set: 0.1ms
[2022-05-13T15:25:04.395+0700][1.557s] GC(3)   Merge Heap Roots: 0.1ms
[2022-05-13T15:25:04.395+0700][1.557s] GC(3)   Evacuate Collection Set: 1.2ms
[2022-05-13T15:25:04.395+0700][1.557s] GC(3)   Post Evacuate Collection Set: 0.4ms
[2022-05-13T15:25:04.395+0700][1.557s] GC(3)   Other: 0.1ms
[2022-05-13T15:25:04.395+0700][1.557s] GC(3) Eden regions: 3->0(166)
[2022-05-13T15:25:04.395+0700][1.557s] GC(3) Survivor regions: 6->6(13)
[2022-05-13T15:25:04.395+0700][1.557s] GC(3) Old regions: 15->15
[2022-05-13T15:25:04.395+0700][1.557s] GC(3) Archive regions: 0->0
[2022-05-13T15:25:04.395+0700][1.557s] GC(3) Humongous regions: 4->4
[2022-05-13T15:25:04.395+0700][1.557s] GC(3) Metaspace: 21241K(21504K)->21241K(21504K) NonClass: 18835K(18944K)->18835K(18944K) Class: 2406K(2560K)->2406K(2560K)
[2022-05-13T15:25:04.395+0700][1.557s] GC(3) Pause Young (Concurrent Start) (Metadata GC Threshold) 26M->24M(512M) 1.978ms
[2022-05-13T15:25:04.395+0700][1.557s] GC(3) User=0.00s Sys=0.00s Real=0.00s
[2022-05-13T15:25:04.395+0700][1.557s] GC(4) Concurrent Mark Cycle
[2022-05-13T15:25:04.395+0700][1.557s] GC(4) Concurrent Clear Claimed Marks
[2022-05-13T15:25:04.395+0700][1.557s] GC(4) Concurrent Clear Claimed Marks 0.011ms
[2022-05-13T15:25:04.395+0700][1.557s] GC(4) Concurrent Scan Root Regions
[2022-05-13T15:25:04.411+0700][1.558s] GC(4) Concurrent Scan Root Regions 1.046ms
[2022-05-13T15:25:04.411+0700][1.558s] GC(4) Concurrent Mark
[2022-05-13T15:25:04.411+0700][1.558s] GC(4) Concurrent Mark From Roots
[2022-05-13T15:25:04.411+0700][1.558s] GC(4) Using 2 workers of 2 for marking
[2022-05-13T15:25:04.411+0700][1.567s] GC(4) Concurrent Mark From Roots 8.832ms
[2022-05-13T15:25:04.411+0700][1.567s] GC(4) Concurrent Preclean
[2022-05-13T15:25:04.411+0700][1.567s] GC(4) Concurrent Preclean 0.064ms
[2022-05-13T15:25:04.411+0700][1.567s] GC(4) Pause Remark
[2022-05-13T15:25:04.411+0700][1.568s] GC(4) Pause Remark 26M->26M(512M) 1.157ms
[2022-05-13T15:25:04.411+0700][1.568s] GC(4) User=0.00s Sys=0.00s Real=0.00s
[2022-05-13T15:25:04.411+0700][1.569s] GC(4) Concurrent Mark 10.428ms
[2022-05-13T15:25:04.411+0700][1.569s] GC(4) Concurrent Rebuild Remembered Sets
[2022-05-13T15:25:04.427+0700][1.573s] GC(4) Concurrent Rebuild Remembered Sets 4.617ms
[2022-05-13T15:25:04.427+0700][1.573s] GC(4) Pause Cleanup
[2022-05-13T15:25:04.427+0700][1.573s] GC(4) Pause Cleanup 27M->27M(512M) 0.065ms
[2022-05-13T15:25:04.427+0700][1.573s] GC(4) User=0.00s Sys=0.00s Real=0.00s
[2022-05-13T15:25:04.427+0700][1.573s] GC(4) Concurrent Cleanup for Next Mark
[2022-05-13T15:25:04.427+0700][1.574s] GC(4) Concurrent Cleanup for Next Mark 0.527ms
[2022-05-13T15:25:04.427+0700][1.574s] GC(4) Concurrent Mark Cycle 17.003ms
[2022-05-13T15:41:25.610+0700][982.757s] GC(5) Pause Young (Prepare Mixed) (Metadata GC Threshold)
[2022-05-13T15:41:25.610+0700][982.757s] GC(5) Using 8 workers of 8 for evacuation
[2022-05-13T15:41:25.623+0700][982.770s] GC(5)   Pre Evacuate Collection Set: 0.3ms
[2022-05-13T15:41:25.623+0700][982.770s] GC(5)   Merge Heap Roots: 0.1ms
[2022-05-13T15:41:25.623+0700][982.770s] GC(5)   Evacuate Collection Set: 11.7ms
[2022-05-13T15:41:25.623+0700][982.770s] GC(5)   Post Evacuate Collection Set: 0.7ms
[2022-05-13T15:41:25.623+0700][982.770s] GC(5)   Other: 0.3ms
[2022-05-13T15:41:25.623+0700][982.770s] GC(5) Eden regions: 82->0(13)
[2022-05-13T15:41:25.623+0700][982.770s] GC(5) Survivor regions: 6->12(22)
[2022-05-13T15:41:25.623+0700][982.770s] GC(5) Old regions: 15->15
[2022-05-13T15:41:25.623+0700][982.770s] GC(5) Archive regions: 0->0
[2022-05-13T15:41:25.623+0700][982.770s] GC(5) Humongous regions: 4->4
[2022-05-13T15:41:25.623+0700][982.770s] GC(5) Metaspace: 36197K(36480K)->36197K(36480K) NonClass: 31967K(32064K)->31967K(32064K) Class: 4229K(4416K)->4229K(4416K)
[2022-05-13T15:41:25.623+0700][982.770s] GC(5) Pause Young (Prepare Mixed) (Metadata GC Threshold) 105M->29M(512M) 13.178ms
[2022-05-13T15:41:25.623+0700][982.770s] GC(5) User=0.03s Sys=0.00s Real=0.01s
[2022-05-13T15:41:25.647+0700][982.793s] GC(6) Pause Young (Mixed) (Metadata GC Threshold)
[2022-05-13T15:41:25.647+0700][982.793s] GC(6) Using 8 workers of 8 for evacuation
[2022-05-13T15:41:25.652+0700][982.799s] GC(6)   Pre Evacuate Collection Set: 0.1ms
[2022-05-13T15:41:25.653+0700][982.799s] GC(6)   Merge Heap Roots: 0.0ms
[2022-05-13T15:41:25.653+0700][982.799s] GC(6)   Evacuate Collection Set: 4.8ms
[2022-05-13T15:41:25.653+0700][982.799s] GC(6)   Post Evacuate Collection Set: 0.4ms
[2022-05-13T15:41:25.653+0700][982.799s] GC(6)   Other: 0.1ms
[2022-05-13T15:41:25.653+0700][982.799s] GC(6) Eden regions: 2->0(306)
[2022-05-13T15:41:25.653+0700][982.799s] GC(6) Survivor regions: 12->1(4)
[2022-05-13T15:41:25.653+0700][982.799s] GC(6) Old regions: 15->26
[2022-05-13T15:41:25.653+0700][982.799s] GC(6) Archive regions: 0->0
[2022-05-13T15:41:25.653+0700][982.799s] GC(6) Humongous regions: 4->4
[2022-05-13T15:41:25.653+0700][982.799s] GC(6) Metaspace: 36530K(36800K)->36530K(36800K) NonClass: 32225K(32320K)->32225K(32320K) Class: 4304K(4480K)->4304K(4480K)
[2022-05-13T15:41:25.653+0700][982.799s] GC(6) Pause Young (Mixed) (Metadata GC Threshold) 31M->30M(512M) 5.502ms
[2022-05-13T15:41:25.653+0700][982.799s] GC(6) User=0.00s Sys=0.00s Real=0.01s
[2022-05-13T15:41:25.667+0700][982.813s] GC(7) Pause Young (Concurrent Start) (Metadata GC Threshold)
[2022-05-13T15:41:25.667+0700][982.813s] GC(7) Using 8 workers of 8 for evacuation
[2022-05-13T15:41:25.668+0700][982.814s] GC(7)   Pre Evacuate Collection Set: 0.1ms
[2022-05-13T15:41:25.668+0700][982.814s] GC(7)   Merge Heap Roots: 0.0ms
[2022-05-13T15:41:25.668+0700][982.814s] GC(7)   Evacuate Collection Set: 0.4ms
[2022-05-13T15:41:25.668+0700][982.814s] GC(7)   Post Evacuate Collection Set: 0.1ms
[2022-05-13T15:41:25.668+0700][982.814s] GC(7)   Other: 0.2ms
[2022-05-13T15:41:25.668+0700][982.814s] GC(7) Eden regions: 2->0(306)
[2022-05-13T15:41:25.668+0700][982.814s] GC(7) Survivor regions: 1->1(39)
[2022-05-13T15:41:25.668+0700][982.814s] GC(7) Old regions: 26->26
[2022-05-13T15:41:25.668+0700][982.814s] GC(7) Archive regions: 0->0
[2022-05-13T15:41:25.668+0700][982.814s] GC(7) Humongous regions: 4->4
[2022-05-13T15:41:25.668+0700][982.814s] GC(7) Metaspace: 36765K(37120K)->36765K(37120K) NonClass: 32417K(32576K)->32417K(32576K) Class: 4347K(4544K)->4347K(4544K)
[2022-05-13T15:41:25.668+0700][982.814s] GC(7) Pause Young (Concurrent Start) (Metadata GC Threshold) 32M->29M(512M) 0.922ms
[2022-05-13T15:41:25.668+0700][982.814s] GC(7) User=0.00s Sys=0.00s Real=0.00s
[2022-05-13T15:41:25.668+0700][982.814s] GC(8) Concurrent Mark Cycle
[2022-05-13T15:41:25.668+0700][982.814s] GC(8) Concurrent Clear Claimed Marks
[2022-05-13T15:41:25.668+0700][982.814s] GC(8) Concurrent Clear Claimed Marks 0.023ms
[2022-05-13T15:41:25.668+0700][982.814s] GC(8) Concurrent Scan Root Regions
[2022-05-13T15:41:25.668+0700][982.814s] GC(8) Concurrent Scan Root Regions 0.362ms
[2022-05-13T15:41:25.668+0700][982.814s] GC(8) Concurrent Mark
[2022-05-13T15:41:25.668+0700][982.814s] GC(8) Concurrent Mark From Roots
[2022-05-13T15:41:25.668+0700][982.814s] GC(8) Using 2 workers of 2 for marking
[2022-05-13T15:41:25.691+0700][982.838s] GC(8) Concurrent Mark From Roots 23.736ms
[2022-05-13T15:41:25.691+0700][982.838s] GC(8) Concurrent Preclean
[2022-05-13T15:41:25.691+0700][982.839s] GC(8) Concurrent Preclean 0.329ms
[2022-05-13T15:41:25.692+0700][982.839s] GC(8) Pause Remark
[2022-05-13T15:41:25.707+0700][982.854s] GC(8) Pause Remark 31M->31M(512M) 15.216ms
[2022-05-13T15:41:25.707+0700][982.854s] GC(8) User=0.02s Sys=0.02s Real=0.02s
[2022-05-13T15:41:25.707+0700][982.854s] GC(8) Concurrent Mark 39.501ms
[2022-05-13T15:41:25.707+0700][982.854s] GC(8) Concurrent Rebuild Remembered Sets
[2022-05-13T15:41:25.715+0700][982.862s] GC(8) Concurrent Rebuild Remembered Sets 8.004ms
[2022-05-13T15:41:25.715+0700][982.862s] GC(8) Pause Cleanup
[2022-05-13T15:41:25.715+0700][982.862s] GC(8) Pause Cleanup 32M->32M(512M) 0.060ms
[2022-05-13T15:41:25.715+0700][982.862s] GC(8) User=0.00s Sys=0.00s Real=0.00s
[2022-05-13T15:41:25.715+0700][982.862s] GC(8) Concurrent Cleanup for Next Mark
[2022-05-13T15:41:25.717+0700][982.864s] GC(8) Concurrent Cleanup for Next Mark 1.642ms
[2022-05-13T15:41:25.717+0700][982.864s] GC(8) Concurrent Mark Cycle 49.891ms
[2022-05-13T15:44:02.475+0700][1139.628s] Heap
[2022-05-13T15:44:02.475+0700][1139.628s]  garbage-first heap   total 524288K, used 170789K [0x00000000e0000000, 0x0000000100000000)
[2022-05-13T15:44:02.475+0700][1139.628s]   region size 1024K, 135 young (138240K), 1 survivors (1024K)
[2022-05-13T15:44:02.475+0700][1139.628s]  Metaspace       used 50672K, committed 50944K, reserved 1097728K
[2022-05-13T15:44:02.475+0700][1139.628s]   class space    used 6082K, committed 6208K, reserved 1048576K
