[2022-05-17T13:51:05.950+0700][0.010s] Using G1
[2022-05-17T13:51:06.115+0700][0.175s] Version: 17.0.3.1+2-LTS-6 (release)
[2022-05-17T13:51:06.115+0700][0.175s] CPUs: 8 total, 8 available
[2022-05-17T13:51:06.115+0700][0.175s] Memory: 8029M
[2022-05-17T13:51:06.115+0700][0.175s] Large Page Support: Disabled
[2022-05-17T13:51:06.115+0700][0.175s] NUMA Support: Disabled
[2022-05-17T13:51:06.115+0700][0.175s] Compressed Oops: Enabled (32-bit)
[2022-05-17T13:51:06.115+0700][0.175s] Heap Region Size: 1M
[2022-05-17T13:51:06.115+0700][0.175s] Heap Min Capacity: 512M
[2022-05-17T13:51:06.115+0700][0.175s] Heap Initial Capacity: 512M
[2022-05-17T13:51:06.115+0700][0.176s] Heap Max Capacity: 512M
[2022-05-17T13:51:06.115+0700][0.176s] Pre-touch: Enabled
[2022-05-17T13:51:06.116+0700][0.176s] Parallel Workers: 8
[2022-05-17T13:51:06.116+0700][0.176s] Concurrent Workers: 2
[2022-05-17T13:51:06.116+0700][0.176s] Concurrent Refinement Workers: 8
[2022-05-17T13:51:06.116+0700][0.176s] Periodic GC: Disabled
[2022-05-17T13:51:06.116+0700][0.176s] CDS archive(s) mapped at: [0x0000000800000000-0x0000000800bc0000-0x0000000800bc0000), size 12320768, SharedBaseAddress: 0x0000000800000000, ArchiveRelocationMode: 0.
[2022-05-17T13:51:06.116+0700][0.176s] Compressed class space mapped at: 0x0000000800c00000-0x0000000840c00000, reserved size: 1073741824
[2022-05-17T13:51:06.116+0700][0.176s] Narrow klass base: 0x0000000800000000, Narrow klass shift: 0, Narrow klass range: 0x100000000
[2022-05-17T13:51:06.787+0700][0.847s] GC(0) Pause Young (Normal) (G1 Evacuation Pause)
[2022-05-17T13:51:06.788+0700][0.847s] GC(0) Using 8 workers of 8 for evacuation
[2022-05-17T13:51:06.794+0700][0.854s] GC(0)   Pre Evacuate Collection Set: 0.1ms
[2022-05-17T13:51:06.794+0700][0.854s] GC(0)   Merge Heap Roots: 0.0ms
[2022-05-17T13:51:06.794+0700][0.854s] GC(0)   Evacuate Collection Set: 5.8ms
[2022-05-17T13:51:06.794+0700][0.854s] GC(0)   Post Evacuate Collection Set: 0.5ms
[2022-05-17T13:51:06.794+0700][0.854s] GC(0)   Other: 0.4ms
[2022-05-17T13:51:06.794+0700][0.854s] GC(0) Eden regions: 29->0(38)
[2022-05-17T13:51:06.794+0700][0.854s] GC(0) Survivor regions: 0->4(4)
[2022-05-17T13:51:06.794+0700][0.854s] GC(0) Old regions: 0->2
[2022-05-17T13:51:06.794+0700][0.854s] GC(0) Archive regions: 0->0
[2022-05-17T13:51:06.794+0700][0.854s] GC(0) Humongous regions: 0->0
[2022-05-17T13:51:06.794+0700][0.854s] GC(0) Metaspace: 9741K(9984K)->9741K(9984K) NonClass: 8596K(8768K)->8596K(8768K) Class: 1144K(1216K)->1144K(1216K)
[2022-05-17T13:51:06.794+0700][0.854s] GC(0) Pause Young (Normal) (G1 Evacuation Pause) 29M->5M(512M) 7.053ms
[2022-05-17T13:51:06.794+0700][0.854s] GC(0) User=0.05s Sys=0.00s Real=0.01s
[2022-05-17T13:51:07.192+0700][1.252s] GC(1) Pause Young (Normal) (G1 Evacuation Pause)
[2022-05-17T13:51:07.192+0700][1.252s] GC(1) Using 8 workers of 8 for evacuation
[2022-05-17T13:51:07.198+0700][1.258s] GC(1)   Pre Evacuate Collection Set: 0.1ms
[2022-05-17T13:51:07.198+0700][1.258s] GC(1)   Merge Heap Roots: 0.0ms
[2022-05-17T13:51:07.198+0700][1.258s] GC(1)   Evacuate Collection Set: 5.1ms
[2022-05-17T13:51:07.198+0700][1.258s] GC(1)   Post Evacuate Collection Set: 0.6ms
[2022-05-17T13:51:07.198+0700][1.258s] GC(1)   Other: 0.1ms
[2022-05-17T13:51:07.198+0700][1.258s] GC(1) Eden regions: 33->0(47)
[2022-05-17T13:51:07.198+0700][1.258s] GC(1) Survivor regions: 4->5(5)
[2022-05-17T13:51:07.198+0700][1.258s] GC(1) Old regions: 2->11
[2022-05-17T13:51:07.198+0700][1.258s] GC(1) Archive regions: 0->0
[2022-05-17T13:51:07.198+0700][1.258s] GC(1) Humongous regions: 4->4
[2022-05-17T13:51:07.198+0700][1.258s] GC(1) Metaspace: 15574K(15808K)->15574K(15808K) NonClass: 13755K(13888K)->13755K(13888K) Class: 1818K(1920K)->1818K(1920K)
[2022-05-17T13:51:07.198+0700][1.258s] GC(1) Pause Young (Normal) (G1 Evacuation Pause) 42M->19M(512M) 6.087ms
[2022-05-17T13:51:07.198+0700][1.258s] GC(1) User=0.00s Sys=0.00s Real=0.01s
[2022-05-17T13:51:07.548+0700][1.608s] GC(2) Pause Young (Normal) (G1 Evacuation Pause)
[2022-05-17T13:51:07.548+0700][1.608s] GC(2) Using 8 workers of 8 for evacuation
[2022-05-17T13:51:07.552+0700][1.612s] GC(2)   Pre Evacuate Collection Set: 0.1ms
[2022-05-17T13:51:07.552+0700][1.612s] GC(2)   Merge Heap Roots: 0.1ms
[2022-05-17T13:51:07.552+0700][1.612s] GC(2)   Evacuate Collection Set: 2.5ms
[2022-05-17T13:51:07.552+0700][1.612s] GC(2)   Post Evacuate Collection Set: 0.6ms
[2022-05-17T13:51:07.552+0700][1.612s] GC(2)   Other: 0.1ms
[2022-05-17T13:51:07.552+0700][1.612s] GC(2) Eden regions: 47->0(96)
[2022-05-17T13:51:07.552+0700][1.612s] GC(2) Survivor regions: 5->6(7)
[2022-05-17T13:51:07.552+0700][1.612s] GC(2) Old regions: 11->16
[2022-05-17T13:51:07.552+0700][1.612s] GC(2) Archive regions: 0->0
[2022-05-17T13:51:07.552+0700][1.612s] GC(2) Humongous regions: 4->4
[2022-05-17T13:51:07.552+0700][1.612s] GC(2) Metaspace: 21136K(21376K)->21136K(21376K) NonClass: 18748K(18880K)->18748K(18880K) Class: 2387K(2496K)->2387K(2496K)
[2022-05-17T13:51:07.552+0700][1.612s] GC(2) Pause Young (Normal) (G1 Evacuation Pause) 66M->25M(512M) 3.501ms
[2022-05-17T13:51:07.552+0700][1.612s] GC(2) User=0.00s Sys=0.00s Real=0.00s
[2022-05-17T13:51:07.554+0700][1.614s] GC(3) Pause Young (Concurrent Start) (Metadata GC Threshold)
[2022-05-17T13:51:07.555+0700][1.614s] GC(3) Using 8 workers of 8 for evacuation
[2022-05-17T13:51:07.557+0700][1.616s] GC(3)   Pre Evacuate Collection Set: 0.1ms
[2022-05-17T13:51:07.557+0700][1.616s] GC(3)   Merge Heap Roots: 0.1ms
[2022-05-17T13:51:07.557+0700][1.616s] GC(3)   Evacuate Collection Set: 1.1ms
[2022-05-17T13:51:07.557+0700][1.616s] GC(3)   Post Evacuate Collection Set: 0.3ms
[2022-05-17T13:51:07.557+0700][1.616s] GC(3)   Other: 0.1ms
[2022-05-17T13:51:07.557+0700][1.616s] GC(3) Eden regions: 1->0(158)
[2022-05-17T13:51:07.557+0700][1.616s] GC(3) Survivor regions: 6->6(13)
[2022-05-17T13:51:07.557+0700][1.616s] GC(3) Old regions: 16->16
[2022-05-17T13:51:07.557+0700][1.616s] GC(3) Archive regions: 0->0
[2022-05-17T13:51:07.557+0700][1.616s] GC(3) Humongous regions: 4->4
[2022-05-17T13:51:07.557+0700][1.616s] GC(3) Metaspace: 21204K(21504K)->21204K(21504K) NonClass: 18809K(18944K)->18809K(18944K) Class: 2395K(2560K)->2395K(2560K)
[2022-05-17T13:51:07.557+0700][1.616s] GC(3) Pause Young (Concurrent Start) (Metadata GC Threshold) 25M->25M(512M) 1.794ms
[2022-05-17T13:51:07.557+0700][1.616s] GC(3) User=0.00s Sys=0.00s Real=0.00s
[2022-05-17T13:51:07.557+0700][1.616s] GC(4) Concurrent Mark Cycle
[2022-05-17T13:51:07.557+0700][1.616s] GC(4) Concurrent Clear Claimed Marks
[2022-05-17T13:51:07.557+0700][1.616s] GC(4) Concurrent Clear Claimed Marks 0.012ms
[2022-05-17T13:51:07.557+0700][1.616s] GC(4) Concurrent Scan Root Regions
[2022-05-17T13:51:07.557+0700][1.617s] GC(4) Concurrent Scan Root Regions 0.536ms
[2022-05-17T13:51:07.557+0700][1.617s] GC(4) Concurrent Mark
[2022-05-17T13:51:07.557+0700][1.617s] GC(4) Concurrent Mark From Roots
[2022-05-17T13:51:07.557+0700][1.617s] GC(4) Using 2 workers of 2 for marking
[2022-05-17T13:51:07.566+0700][1.626s] GC(4) Concurrent Mark From Roots 9.045ms
[2022-05-17T13:51:07.566+0700][1.626s] GC(4) Concurrent Preclean
[2022-05-17T13:51:07.566+0700][1.626s] GC(4) Concurrent Preclean 0.063ms
[2022-05-17T13:51:07.567+0700][1.626s] GC(4) Pause Remark
[2022-05-17T13:51:07.568+0700][1.627s] GC(4) Pause Remark 26M->26M(512M) 1.116ms
[2022-05-17T13:51:07.568+0700][1.627s] GC(4) User=0.00s Sys=0.00s Real=0.00s
[2022-05-17T13:51:07.568+0700][1.627s] GC(4) Concurrent Mark 10.596ms
[2022-05-17T13:51:07.568+0700][1.627s] GC(4) Concurrent Rebuild Remembered Sets
[2022-05-17T13:51:07.573+0700][1.632s] GC(4) Concurrent Rebuild Remembered Sets 4.732ms
[2022-05-17T13:51:07.573+0700][1.632s] GC(4) Pause Cleanup
[2022-05-17T13:51:07.573+0700][1.632s] GC(4) Pause Cleanup 27M->27M(512M) 0.125ms
[2022-05-17T13:51:07.573+0700][1.632s] GC(4) User=0.00s Sys=0.00s Real=0.00s
[2022-05-17T13:51:07.573+0700][1.632s] GC(4) Concurrent Cleanup for Next Mark
[2022-05-17T13:51:07.574+0700][1.633s] GC(4) Concurrent Cleanup for Next Mark 0.500ms
[2022-05-17T13:51:07.574+0700][1.633s] GC(4) Concurrent Mark Cycle 16.948ms
[2022-05-17T13:51:13.259+0700][7.319s] GC(5) Pause Young (Concurrent Start) (Metadata GC Threshold)
[2022-05-17T13:51:13.259+0700][7.319s] GC(5) Using 8 workers of 8 for evacuation
[2022-05-17T13:51:13.264+0700][7.324s] GC(5)   Pre Evacuate Collection Set: 0.1ms
[2022-05-17T13:51:13.264+0700][7.324s] GC(5)   Merge Heap Roots: 0.0ms
[2022-05-17T13:51:13.264+0700][7.324s] GC(5)   Evacuate Collection Set: 4.2ms
[2022-05-17T13:51:13.264+0700][7.324s] GC(5)   Post Evacuate Collection Set: 0.4ms
[2022-05-17T13:51:13.264+0700][7.324s] GC(5)   Other: 0.1ms
[2022-05-17T13:51:13.264+0700][7.324s] GC(5) Eden regions: 80->0(295)
[2022-05-17T13:51:13.264+0700][7.324s] GC(5) Survivor regions: 6->12(21)
[2022-05-17T13:51:13.264+0700][7.324s] GC(5) Old regions: 16->16
[2022-05-17T13:51:13.264+0700][7.324s] GC(5) Archive regions: 0->0
[2022-05-17T13:51:13.264+0700][7.324s] GC(5) Humongous regions: 5->4
[2022-05-17T13:51:13.264+0700][7.324s] GC(5) Metaspace: 36119K(36416K)->36119K(36416K) NonClass: 31866K(32000K)->31866K(32000K) Class: 4253K(4416K)->4253K(4416K)
[2022-05-17T13:51:13.264+0700][7.324s] GC(5) Pause Young (Concurrent Start) (Metadata GC Threshold) 105M->31M(512M) 4.938ms
[2022-05-17T13:51:13.264+0700][7.324s] GC(5) User=0.12s Sys=0.00s Real=0.00s
[2022-05-17T13:51:13.264+0700][7.324s] GC(6) Concurrent Mark Cycle
[2022-05-17T13:51:13.264+0700][7.324s] GC(6) Concurrent Clear Claimed Marks
[2022-05-17T13:51:13.264+0700][7.324s] GC(6) Concurrent Clear Claimed Marks 0.019ms
[2022-05-17T13:51:13.264+0700][7.324s] GC(6) Concurrent Scan Root Regions
[2022-05-17T13:51:13.267+0700][7.327s] GC(6) Concurrent Scan Root Regions 2.555ms
[2022-05-17T13:51:13.267+0700][7.327s] GC(6) Concurrent Mark
[2022-05-17T13:51:13.267+0700][7.327s] GC(6) Concurrent Mark From Roots
[2022-05-17T13:51:13.267+0700][7.327s] GC(6) Using 2 workers of 2 for marking
[2022-05-17T13:51:13.276+0700][7.336s] GC(6) Concurrent Mark From Roots 9.101ms
[2022-05-17T13:51:13.276+0700][7.336s] GC(6) Concurrent Preclean
[2022-05-17T13:51:13.276+0700][7.336s] GC(6) Concurrent Preclean 0.065ms
[2022-05-17T13:51:13.276+0700][7.336s] GC(6) Pause Remark
[2022-05-17T13:51:13.277+0700][7.337s] GC(6) Pause Remark 33M->33M(512M) 1.141ms
[2022-05-17T13:51:13.277+0700][7.337s] GC(6) User=0.09s Sys=0.02s Real=0.00s
[2022-05-17T13:51:13.277+0700][7.337s] GC(6) Concurrent Mark 10.477ms
[2022-05-17T13:51:13.277+0700][7.337s] GC(6) Concurrent Rebuild Remembered Sets
[2022-05-17T13:51:13.283+0700][7.343s] GC(6) Concurrent Rebuild Remembered Sets 5.488ms
[2022-05-17T13:51:13.283+0700][7.343s] GC(6) Pause Cleanup
[2022-05-17T13:51:13.283+0700][7.343s] GC(6) Pause Cleanup 33M->33M(512M) 0.073ms
[2022-05-17T13:51:13.283+0700][7.343s] GC(6) User=0.00s Sys=0.00s Real=0.00s
[2022-05-17T13:51:13.283+0700][7.343s] GC(6) Concurrent Cleanup for Next Mark
[2022-05-17T13:51:13.283+0700][7.344s] GC(6) Concurrent Cleanup for Next Mark 0.615ms
[2022-05-17T13:51:13.283+0700][7.344s] GC(6) Concurrent Mark Cycle 19.527ms
[2022-05-17T13:59:33.176+0700][507.236s] Heap
[2022-05-17T13:59:33.176+0700][507.236s]  garbage-first heap   total 524288K, used 140424K [0x00000000e0000000, 0x0000000100000000)
[2022-05-17T13:59:33.176+0700][507.236s]   region size 1024K, 118 young (120832K), 12 survivors (12288K)
[2022-05-17T13:59:33.176+0700][507.236s]  Metaspace       used 48441K, committed 48768K, reserved 1097728K
[2022-05-17T13:59:33.176+0700][507.236s]   class space    used 5791K, committed 5952K, reserved 1048576K
