[2022-05-23T22:33:05.473+0700][0.015s] Using G1
[2022-05-23T22:33:05.640+0700][0.181s] Version: 17.0.3.1+2-LTS-6 (release)
[2022-05-23T22:33:05.640+0700][0.181s] CPUs: 8 total, 8 available
[2022-05-23T22:33:05.640+0700][0.181s] Memory: 8029M
[2022-05-23T22:33:05.640+0700][0.181s] Large Page Support: Disabled
[2022-05-23T22:33:05.640+0700][0.181s] NUMA Support: Disabled
[2022-05-23T22:33:05.640+0700][0.181s] Compressed Oops: Enabled (32-bit)
[2022-05-23T22:33:05.640+0700][0.181s] Heap Region Size: 1M
[2022-05-23T22:33:05.640+0700][0.181s] Heap Min Capacity: 512M
[2022-05-23T22:33:05.640+0700][0.181s] Heap Initial Capacity: 512M
[2022-05-23T22:33:05.640+0700][0.181s] Heap Max Capacity: 512M
[2022-05-23T22:33:05.640+0700][0.181s] Pre-touch: Enabled
[2022-05-23T22:33:05.640+0700][0.181s] Parallel Workers: 8
[2022-05-23T22:33:05.640+0700][0.181s] Concurrent Workers: 2
[2022-05-23T22:33:05.640+0700][0.181s] Concurrent Refinement Workers: 8
[2022-05-23T22:33:05.640+0700][0.181s] Periodic GC: Disabled
[2022-05-23T22:33:05.640+0700][0.182s] CDS archive(s) mapped at: [0x0000000800000000-0x0000000800bc0000-0x0000000800bc0000), size 12320768, SharedBaseAddress: 0x0000000800000000, ArchiveRelocationMode: 0.
[2022-05-23T22:33:05.640+0700][0.182s] Compressed class space mapped at: 0x0000000800c00000-0x0000000840c00000, reserved size: 1073741824
[2022-05-23T22:33:05.640+0700][0.182s] Narrow klass base: 0x0000000800000000, Narrow klass shift: 0, Narrow klass range: 0x100000000
[2022-05-23T22:33:07.458+0700][2.002s] GC(0) Pause Young (Normal) (G1 Evacuation Pause)
[2022-05-23T22:33:07.458+0700][2.002s] GC(0) Using 8 workers of 8 for evacuation
[2022-05-23T22:33:07.458+0700][2.007s] GC(0)   Pre Evacuate Collection Set: 0.0ms
[2022-05-23T22:33:07.458+0700][2.008s] GC(0)   Merge Heap Roots: 0.2ms
[2022-05-23T22:33:07.458+0700][2.008s] GC(0)   Evacuate Collection Set: 3.5ms
[2022-05-23T22:33:07.458+0700][2.008s] GC(0)   Post Evacuate Collection Set: 1.1ms
[2022-05-23T22:33:07.458+0700][2.008s] GC(0)   Other: 0.9ms
[2022-05-23T22:33:07.458+0700][2.008s] GC(0) Eden regions: 29->0(38)
[2022-05-23T22:33:07.458+0700][2.008s] GC(0) Survivor regions: 0->4(4)
[2022-05-23T22:33:07.458+0700][2.008s] GC(0) Old regions: 0->2
[2022-05-23T22:33:07.458+0700][2.008s] GC(0) Archive regions: 0->0
[2022-05-23T22:33:07.458+0700][2.008s] GC(0) Humongous regions: 0->0
[2022-05-23T22:33:07.458+0700][2.008s] GC(0) Metaspace: 9721K(9856K)->9721K(9856K) NonClass: 8578K(8640K)->8578K(8640K) Class: 1143K(1216K)->1143K(1216K)
[2022-05-23T22:33:07.458+0700][2.008s] GC(0) Pause Young (Normal) (G1 Evacuation Pause) 29M->5M(512M) 6.263ms
[2022-05-23T22:33:07.458+0700][2.008s] GC(0) User=0.00s Sys=0.00s Real=0.00s
[2022-05-23T22:33:09.033+0700][3.577s] GC(1) Pause Young (Normal) (G1 Evacuation Pause)
[2022-05-23T22:33:09.033+0700][3.577s] GC(1) Using 8 workers of 8 for evacuation
[2022-05-23T22:33:09.046+0700][3.588s] GC(1)   Pre Evacuate Collection Set: 0.1ms
[2022-05-23T22:33:09.046+0700][3.588s] GC(1)   Merge Heap Roots: 0.0ms
[2022-05-23T22:33:09.046+0700][3.588s] GC(1)   Evacuate Collection Set: 8.7ms
[2022-05-23T22:33:09.046+0700][3.588s] GC(1)   Post Evacuate Collection Set: 1.2ms
[2022-05-23T22:33:09.046+0700][3.588s] GC(1)   Other: 0.2ms
[2022-05-23T22:33:09.046+0700][3.588s] GC(1) Eden regions: 34->0(47)
[2022-05-23T22:33:09.046+0700][3.588s] GC(1) Survivor regions: 4->5(5)
[2022-05-23T22:33:09.046+0700][3.588s] GC(1) Old regions: 2->11
[2022-05-23T22:33:09.046+0700][3.588s] GC(1) Archive regions: 0->0
[2022-05-23T22:33:09.046+0700][3.588s] GC(1) Humongous regions: 4->4
[2022-05-23T22:33:09.046+0700][3.588s] GC(1) Metaspace: 15583K(15808K)->15583K(15808K) NonClass: 13765K(13888K)->13765K(13888K) Class: 1818K(1920K)->1818K(1920K)
[2022-05-23T22:33:09.046+0700][3.588s] GC(1) Pause Young (Normal) (G1 Evacuation Pause) 43M->19M(512M) 10.398ms
[2022-05-23T22:33:09.046+0700][3.588s] GC(1) User=0.02s Sys=0.00s Real=0.01s
[2022-05-23T22:33:09.618+0700][4.168s] GC(2) Pause Young (Concurrent Start) (Metadata GC Threshold)
[2022-05-23T22:33:09.618+0700][4.168s] GC(2) Using 8 workers of 8 for evacuation
[2022-05-23T22:33:09.628+0700][4.172s] GC(2)   Pre Evacuate Collection Set: 0.1ms
[2022-05-23T22:33:09.628+0700][4.172s] GC(2)   Merge Heap Roots: 0.1ms
[2022-05-23T22:33:09.628+0700][4.172s] GC(2)   Evacuate Collection Set: 2.9ms
[2022-05-23T22:33:09.628+0700][4.172s] GC(2)   Post Evacuate Collection Set: 0.6ms
[2022-05-23T22:33:09.628+0700][4.172s] GC(2)   Other: 0.4ms
[2022-05-23T22:33:09.628+0700][4.172s] GC(2) Eden regions: 47->0(79)
[2022-05-23T22:33:09.628+0700][4.172s] GC(2) Survivor regions: 5->6(7)
[2022-05-23T22:33:09.628+0700][4.172s] GC(2) Old regions: 11->16
[2022-05-23T22:33:09.628+0700][4.172s] GC(2) Archive regions: 0->0
[2022-05-23T22:33:09.628+0700][4.172s] GC(2) Humongous regions: 4->4
[2022-05-23T22:33:09.628+0700][4.172s] GC(2) Metaspace: 21212K(21504K)->21212K(21504K) NonClass: 18814K(18944K)->18814K(18944K) Class: 2398K(2560K)->2398K(2560K)
[2022-05-23T22:33:09.628+0700][4.172s] GC(2) Pause Young (Concurrent Start) (Metadata GC Threshold) 65M->25M(512M) 4.184ms
[2022-05-23T22:33:09.628+0700][4.172s] GC(2) User=0.08s Sys=0.00s Real=0.01s
[2022-05-23T22:33:09.628+0700][4.172s] GC(3) Concurrent Mark Cycle
[2022-05-23T22:33:09.628+0700][4.172s] GC(3) Concurrent Clear Claimed Marks
[2022-05-23T22:33:09.628+0700][4.172s] GC(3) Concurrent Clear Claimed Marks 0.015ms
[2022-05-23T22:33:09.628+0700][4.172s] GC(3) Concurrent Scan Root Regions
[2022-05-23T22:33:09.628+0700][4.173s] GC(3) Concurrent Scan Root Regions 1.502ms
[2022-05-23T22:33:09.628+0700][4.173s] GC(3) Concurrent Mark
[2022-05-23T22:33:09.628+0700][4.173s] GC(3) Concurrent Mark From Roots
[2022-05-23T22:33:09.628+0700][4.173s] GC(3) Using 2 workers of 2 for marking
[2022-05-23T22:33:09.638+0700][4.181s] GC(3) Concurrent Mark From Roots 7.800ms
[2022-05-23T22:33:09.638+0700][4.181s] GC(3) Concurrent Preclean
[2022-05-23T22:33:09.638+0700][4.181s] GC(3) Concurrent Preclean 0.057ms
[2022-05-23T22:33:09.638+0700][4.182s] GC(3) Pause Remark
[2022-05-23T22:33:09.638+0700][4.183s] GC(3) Pause Remark 26M->26M(512M) 1.740ms
[2022-05-23T22:33:09.638+0700][4.183s] GC(3) User=0.00s Sys=0.00s Real=0.00s
[2022-05-23T22:33:09.638+0700][4.183s] GC(3) Concurrent Mark 10.028ms
[2022-05-23T22:33:09.638+0700][4.183s] GC(3) Concurrent Rebuild Remembered Sets
[2022-05-23T22:33:09.647+0700][4.188s] GC(3) Concurrent Rebuild Remembered Sets 4.615ms
[2022-05-23T22:33:09.647+0700][4.188s] GC(3) Pause Cleanup
[2022-05-23T22:33:09.647+0700][4.188s] GC(3) Pause Cleanup 26M->26M(512M) 0.122ms
[2022-05-23T22:33:09.647+0700][4.188s] GC(3) User=0.00s Sys=0.00s Real=0.00s
[2022-05-23T22:33:09.647+0700][4.188s] GC(3) Concurrent Cleanup for Next Mark
[2022-05-23T22:33:09.647+0700][4.189s] GC(3) Concurrent Cleanup for Next Mark 0.339ms
[2022-05-23T22:33:09.647+0700][4.189s] GC(3) Concurrent Mark Cycle 16.970ms
[2022-05-23T22:33:15.865+0700][10.406s] GC(4) Pause Young (Normal) (G1 Evacuation Pause)
[2022-05-23T22:33:15.865+0700][10.406s] GC(4) Using 8 workers of 8 for evacuation
[2022-05-23T22:33:15.870+0700][10.412s] GC(4)   Pre Evacuate Collection Set: 0.1ms
[2022-05-23T22:33:15.870+0700][10.412s] GC(4)   Merge Heap Roots: 0.1ms
[2022-05-23T22:33:15.871+0700][10.412s] GC(4)   Evacuate Collection Set: 4.3ms
[2022-05-23T22:33:15.871+0700][10.412s] GC(4)   Post Evacuate Collection Set: 0.5ms
[2022-05-23T22:33:15.871+0700][10.412s] GC(4)   Other: 0.3ms
[2022-05-23T22:33:15.871+0700][10.412s] GC(4) Eden regions: 79->0(297)
[2022-05-23T22:33:15.871+0700][10.412s] GC(4) Survivor regions: 6->10(11)
[2022-05-23T22:33:15.871+0700][10.412s] GC(4) Old regions: 16->16
[2022-05-23T22:33:15.871+0700][10.412s] GC(4) Archive regions: 0->0
[2022-05-23T22:33:15.871+0700][10.412s] GC(4) Humongous regions: 4->4
[2022-05-23T22:33:15.871+0700][10.412s] GC(4) Metaspace: 33815K(34112K)->33815K(34112K) NonClass: 29865K(30016K)->29865K(30016K) Class: 3949K(4096K)->3949K(4096K)
[2022-05-23T22:33:15.871+0700][10.412s] GC(4) Pause Young (Normal) (G1 Evacuation Pause) 104M->29M(512M) 5.393ms
[2022-05-23T22:33:15.871+0700][10.412s] GC(4) User=0.00s Sys=0.00s Real=0.01s
[2022-05-23T22:33:16.113+0700][10.654s] GC(5) Pause Young (Concurrent Start) (Metadata GC Threshold)
[2022-05-23T22:33:16.113+0700][10.654s] GC(5) Using 8 workers of 8 for evacuation
[2022-05-23T22:33:16.123+0700][10.664s] GC(5)   Pre Evacuate Collection Set: 0.1ms
[2022-05-23T22:33:16.124+0700][10.664s] GC(5)   Merge Heap Roots: 0.0ms
[2022-05-23T22:33:16.124+0700][10.664s] GC(5)   Evacuate Collection Set: 8.5ms
[2022-05-23T22:33:16.124+0700][10.664s] GC(5)   Post Evacuate Collection Set: 1.0ms
[2022-05-23T22:33:16.124+0700][10.664s] GC(5)   Other: 0.3ms
[2022-05-23T22:33:16.124+0700][10.664s] GC(5) Eden regions: 16->0(295)
[2022-05-23T22:33:16.124+0700][10.664s] GC(5) Survivor regions: 10->12(39)
[2022-05-23T22:33:16.124+0700][10.664s] GC(5) Old regions: 16->16
[2022-05-23T22:33:16.124+0700][10.664s] GC(5) Archive regions: 0->0
[2022-05-23T22:33:16.124+0700][10.665s] GC(5) Humongous regions: 5->4
[2022-05-23T22:33:16.124+0700][10.665s] GC(5) Metaspace: 35855K(36160K)->35855K(36160K) NonClass: 31630K(31744K)->31630K(31744K) Class: 4224K(4416K)->4224K(4416K)
[2022-05-23T22:33:16.124+0700][10.665s] GC(5) Pause Young (Concurrent Start) (Metadata GC Threshold) 46M->31M(512M) 10.471ms
[2022-05-23T22:33:16.124+0700][10.665s] GC(5) User=0.05s Sys=0.02s Real=0.01s
[2022-05-23T22:33:16.124+0700][10.665s] GC(6) Concurrent Mark Cycle
[2022-05-23T22:33:16.124+0700][10.665s] GC(6) Concurrent Clear Claimed Marks
[2022-05-23T22:33:16.124+0700][10.665s] GC(6) Concurrent Clear Claimed Marks 0.094ms
[2022-05-23T22:33:16.124+0700][10.665s] GC(6) Concurrent Scan Root Regions
[2022-05-23T22:33:16.130+0700][10.671s] GC(6) Concurrent Scan Root Regions 5.615ms
[2022-05-23T22:33:16.130+0700][10.671s] GC(6) Concurrent Mark
[2022-05-23T22:33:16.130+0700][10.671s] GC(6) Concurrent Mark From Roots
[2022-05-23T22:33:16.130+0700][10.671s] GC(6) Using 2 workers of 2 for marking
[2022-05-23T22:33:16.148+0700][10.689s] GC(6) Concurrent Mark From Roots 18.028ms
[2022-05-23T22:33:16.148+0700][10.689s] GC(6) Concurrent Preclean
[2022-05-23T22:33:16.148+0700][10.689s] GC(6) Concurrent Preclean 0.139ms
[2022-05-23T22:33:16.148+0700][10.689s] GC(6) Pause Remark
[2022-05-23T22:33:16.151+0700][10.692s] GC(6) Pause Remark 32M->32M(512M) 2.518ms
[2022-05-23T22:33:16.151+0700][10.692s] GC(6) User=0.00s Sys=0.00s Real=0.00s
[2022-05-23T22:33:16.151+0700][10.692s] GC(6) Concurrent Mark 21.179ms
[2022-05-23T22:33:16.151+0700][10.692s] GC(6) Concurrent Rebuild Remembered Sets
[2022-05-23T22:33:16.161+0700][10.702s] GC(6) Concurrent Rebuild Remembered Sets 10.221ms
[2022-05-23T22:33:16.161+0700][10.702s] GC(6) Pause Cleanup
[2022-05-23T22:33:16.162+0700][10.703s] GC(6) Pause Cleanup 32M->32M(512M) 0.353ms
[2022-05-23T22:33:16.162+0700][10.703s] GC(6) User=0.00s Sys=0.00s Real=0.00s
[2022-05-23T22:33:16.162+0700][10.703s] GC(6) Concurrent Cleanup for Next Mark
[2022-05-23T22:33:16.163+0700][10.704s] GC(6) Concurrent Cleanup for Next Mark 0.881ms
[2022-05-23T22:33:16.163+0700][10.704s] GC(6) Concurrent Mark Cycle 38.975ms
[2022-05-23T23:56:16.614+0700][4991.155s] Heap
[2022-05-23T23:56:16.614+0700][4991.155s]  garbage-first heap   total 524288K, used 236128K [0x00000000e0000000, 0x0000000100000000)
[2022-05-23T23:56:16.614+0700][4991.155s]   region size 1024K, 209 young (214016K), 12 survivors (12288K)
[2022-05-23T23:56:16.614+0700][4991.155s]  Metaspace       used 51445K, committed 51776K, reserved 1097728K
[2022-05-23T23:56:16.614+0700][4991.155s]   class space    used 6005K, committed 6144K, reserved 1048576K
