[2022-05-13T15:12:38.083+0700][0.008s] Using G1
[2022-05-13T15:12:38.270+0700][0.186s] Version: 17.0.3.1+2-LTS-6 (release)
[2022-05-13T15:12:38.270+0700][0.186s] CPUs: 8 total, 8 available
[2022-05-13T15:12:38.270+0700][0.186s] Memory: 8029M
[2022-05-13T15:12:38.270+0700][0.186s] Large Page Support: Disabled
[2022-05-13T15:12:38.270+0700][0.186s] NUMA Support: Disabled
[2022-05-13T15:12:38.270+0700][0.186s] Compressed Oops: Enabled (32-bit)
[2022-05-13T15:12:38.270+0700][0.186s] Heap Region Size: 1M
[2022-05-13T15:12:38.270+0700][0.186s] Heap Min Capacity: 512M
[2022-05-13T15:12:38.270+0700][0.186s] Heap Initial Capacity: 512M
[2022-05-13T15:12:38.270+0700][0.186s] Heap Max Capacity: 512M
[2022-05-13T15:12:38.270+0700][0.186s] Pre-touch: Enabled
[2022-05-13T15:12:38.270+0700][0.186s] Parallel Workers: 8
[2022-05-13T15:12:38.270+0700][0.186s] Concurrent Workers: 2
[2022-05-13T15:12:38.270+0700][0.186s] Concurrent Refinement Workers: 8
[2022-05-13T15:12:38.270+0700][0.186s] Periodic GC: Disabled
[2022-05-13T15:12:38.270+0700][0.186s] CDS archive(s) mapped at: [0x0000000800000000-0x0000000800bc0000-0x0000000800bc0000), size 12320768, SharedBaseAddress: 0x0000000800000000, ArchiveRelocationMode: 0.
[2022-05-13T15:12:38.270+0700][0.186s] Compressed class space mapped at: 0x0000000800c00000-0x0000000840c00000, reserved size: 1073741824
[2022-05-13T15:12:38.270+0700][0.186s] Narrow klass base: 0x0000000800000000, Narrow klass shift: 0, Narrow klass range: 0x100000000
[2022-05-13T15:12:39.005+0700][0.921s] GC(0) Pause Young (Normal) (G1 Evacuation Pause)
[2022-05-13T15:12:39.005+0700][0.922s] GC(0) Using 8 workers of 8 for evacuation
[2022-05-13T15:12:39.005+0700][0.927s] GC(0)   Pre Evacuate Collection Set: 0.1ms
[2022-05-13T15:12:39.005+0700][0.927s] GC(0)   Merge Heap Roots: 0.0ms
[2022-05-13T15:12:39.005+0700][0.927s] GC(0)   Evacuate Collection Set: 5.0ms
[2022-05-13T15:12:39.005+0700][0.927s] GC(0)   Post Evacuate Collection Set: 0.4ms
[2022-05-13T15:12:39.005+0700][0.927s] GC(0)   Other: 0.4ms
[2022-05-13T15:12:39.005+0700][0.927s] GC(0) Eden regions: 29->0(37)
[2022-05-13T15:12:39.005+0700][0.927s] GC(0) Survivor regions: 0->4(4)
[2022-05-13T15:12:39.005+0700][0.927s] GC(0) Old regions: 0->3
[2022-05-13T15:12:39.005+0700][0.927s] GC(0) Archive regions: 0->0
[2022-05-13T15:12:39.005+0700][0.927s] GC(0) Humongous regions: 4->4
[2022-05-13T15:12:39.005+0700][0.927s] GC(0) Metaspace: 9787K(9920K)->9787K(9920K) NonClass: 8631K(8704K)->8631K(8704K) Class: 1156K(1216K)->1156K(1216K)
[2022-05-13T15:12:39.005+0700][0.927s] GC(0) Pause Young (Normal) (G1 Evacuation Pause) 33M->10M(512M) 6.065ms
[2022-05-13T15:12:39.005+0700][0.927s] GC(0) User=0.00s Sys=0.00s Real=0.00s
[2022-05-13T15:12:39.473+0700][1.400s] GC(1) Pause Young (Normal) (G1 Evacuation Pause)
[2022-05-13T15:12:39.473+0700][1.400s] GC(1) Using 8 workers of 8 for evacuation
[2022-05-13T15:12:39.489+0700][1.406s] GC(1)   Pre Evacuate Collection Set: 0.0ms
[2022-05-13T15:12:39.489+0700][1.406s] GC(1)   Merge Heap Roots: 0.0ms
[2022-05-13T15:12:39.489+0700][1.406s] GC(1)   Evacuate Collection Set: 5.2ms
[2022-05-13T15:12:39.489+0700][1.406s] GC(1)   Post Evacuate Collection Set: 0.4ms
[2022-05-13T15:12:39.489+0700][1.406s] GC(1)   Other: 0.1ms
[2022-05-13T15:12:39.489+0700][1.406s] GC(1) Eden regions: 34->0(48)
[2022-05-13T15:12:39.489+0700][1.406s] GC(1) Survivor regions: 4->5(5)
[2022-05-13T15:12:39.489+0700][1.406s] GC(1) Old regions: 3->12
[2022-05-13T15:12:39.489+0700][1.406s] GC(1) Archive regions: 0->0
[2022-05-13T15:12:39.489+0700][1.406s] GC(1) Humongous regions: 4->4
[2022-05-13T15:12:39.489+0700][1.406s] GC(1) Metaspace: 15509K(15744K)->15509K(15744K) NonClass: 13700K(13824K)->13700K(13824K) Class: 1809K(1920K)->1809K(1920K)
[2022-05-13T15:12:39.489+0700][1.406s] GC(1) Pause Young (Normal) (G1 Evacuation Pause) 44M->20M(512M) 5.861ms
[2022-05-13T15:12:39.489+0700][1.406s] GC(1) User=0.08s Sys=0.02s Real=0.02s
[2022-05-13T15:12:39.864+0700][1.784s] GC(2) Pause Young (Concurrent Start) (Metadata GC Threshold)
[2022-05-13T15:12:39.864+0700][1.784s] GC(2) Using 8 workers of 8 for evacuation
[2022-05-13T15:12:39.864+0700][1.787s] GC(2)   Pre Evacuate Collection Set: 0.1ms
[2022-05-13T15:12:39.864+0700][1.787s] GC(2)   Merge Heap Roots: 0.1ms
[2022-05-13T15:12:39.864+0700][1.787s] GC(2)   Evacuate Collection Set: 2.4ms
[2022-05-13T15:12:39.864+0700][1.787s] GC(2)   Post Evacuate Collection Set: 0.6ms
[2022-05-13T15:12:39.864+0700][1.787s] GC(2)   Other: 0.3ms
[2022-05-13T15:12:39.864+0700][1.787s] GC(2) Eden regions: 44->0(289)
[2022-05-13T15:12:39.864+0700][1.787s] GC(2) Survivor regions: 5->5(7)
[2022-05-13T15:12:39.864+0700][1.787s] GC(2) Old regions: 12->17
[2022-05-13T15:12:39.864+0700][1.787s] GC(2) Archive regions: 0->0
[2022-05-13T15:12:39.864+0700][1.787s] GC(2) Humongous regions: 4->4
[2022-05-13T15:12:39.864+0700][1.787s] GC(2) Metaspace: 21238K(21504K)->21238K(21504K) NonClass: 18841K(18944K)->18841K(18944K) Class: 2397K(2560K)->2397K(2560K)
[2022-05-13T15:12:39.864+0700][1.787s] GC(2) Pause Young (Concurrent Start) (Metadata GC Threshold) 63M->24M(512M) 3.661ms
[2022-05-13T15:12:39.864+0700][1.787s] GC(2) User=0.00s Sys=0.00s Real=0.00s
[2022-05-13T15:12:39.864+0700][1.787s] GC(3) Concurrent Mark Cycle
[2022-05-13T15:12:39.864+0700][1.787s] GC(3) Concurrent Clear Claimed Marks
[2022-05-13T15:12:39.864+0700][1.787s] GC(3) Concurrent Clear Claimed Marks 0.018ms
[2022-05-13T15:12:39.864+0700][1.787s] GC(3) Concurrent Scan Root Regions
[2022-05-13T15:12:39.864+0700][1.789s] GC(3) Concurrent Scan Root Regions 1.380ms
[2022-05-13T15:12:39.864+0700][1.789s] GC(3) Concurrent Mark
[2022-05-13T15:12:39.864+0700][1.789s] GC(3) Concurrent Mark From Roots
[2022-05-13T15:12:39.864+0700][1.789s] GC(3) Using 2 workers of 2 for marking
[2022-05-13T15:12:39.879+0700][1.797s] GC(3) Concurrent Mark From Roots 8.287ms
[2022-05-13T15:12:39.879+0700][1.797s] GC(3) Concurrent Preclean
[2022-05-13T15:12:39.879+0700][1.797s] GC(3) Concurrent Preclean 0.053ms
[2022-05-13T15:12:39.879+0700][1.798s] GC(3) Pause Remark
[2022-05-13T15:12:39.879+0700][1.799s] GC(3) Pause Remark 26M->26M(512M) 1.134ms
[2022-05-13T15:12:39.879+0700][1.799s] GC(3) User=0.00s Sys=0.00s Real=0.00s
[2022-05-13T15:12:39.879+0700][1.799s] GC(3) Concurrent Mark 10.000ms
[2022-05-13T15:12:39.879+0700][1.799s] GC(3) Concurrent Rebuild Remembered Sets
[2022-05-13T15:12:39.879+0700][1.804s] GC(3) Concurrent Rebuild Remembered Sets 5.105ms
[2022-05-13T15:12:39.879+0700][1.804s] GC(3) Pause Cleanup
[2022-05-13T15:12:39.879+0700][1.804s] GC(3) Pause Cleanup 27M->27M(512M) 0.120ms
[2022-05-13T15:12:39.879+0700][1.804s] GC(3) User=0.00s Sys=0.00s Real=0.00s
[2022-05-13T15:12:39.879+0700][1.804s] GC(3) Concurrent Cleanup for Next Mark
[2022-05-13T15:12:39.879+0700][1.805s] GC(3) Concurrent Cleanup for Next Mark 0.450ms
[2022-05-13T15:12:39.879+0700][1.805s] GC(3) Concurrent Mark Cycle 17.426ms
[2022-05-13T15:14:18.066+0700][99.980s] GC(4) Pause Young (Concurrent Start) (Metadata GC Threshold)
[2022-05-13T15:14:18.066+0700][99.980s] GC(4) Using 8 workers of 8 for evacuation
[2022-05-13T15:14:18.073+0700][99.986s] GC(4)   Pre Evacuate Collection Set: 0.1ms
[2022-05-13T15:14:18.073+0700][99.986s] GC(4)   Merge Heap Roots: 0.1ms
[2022-05-13T15:14:18.073+0700][99.986s] GC(4)   Evacuate Collection Set: 5.3ms
[2022-05-13T15:14:18.073+0700][99.986s] GC(4)   Post Evacuate Collection Set: 0.9ms
[2022-05-13T15:14:18.073+0700][99.986s] GC(4)   Other: 0.1ms
[2022-05-13T15:14:18.073+0700][99.986s] GC(4) Eden regions: 95->0(295)
[2022-05-13T15:14:18.073+0700][99.986s] GC(4) Survivor regions: 5->12(37)
[2022-05-13T15:14:18.073+0700][99.986s] GC(4) Old regions: 17->17
[2022-05-13T15:14:18.073+0700][99.986s] GC(4) Archive regions: 0->0
[2022-05-13T15:14:18.073+0700][99.986s] GC(4) Humongous regions: 4->4
[2022-05-13T15:14:18.073+0700][99.986s] GC(4) Metaspace: 36222K(36480K)->36222K(36480K) NonClass: 32025K(32128K)->32025K(32128K) Class: 4196K(4352K)->4196K(4352K)
[2022-05-13T15:14:18.073+0700][99.986s] GC(4) Pause Young (Concurrent Start) (Metadata GC Threshold) 119M->32M(512M) 6.582ms
[2022-05-13T15:14:18.073+0700][99.986s] GC(4) User=0.00s Sys=0.00s Real=0.01s
[2022-05-13T15:14:18.073+0700][99.986s] GC(5) Concurrent Mark Cycle
[2022-05-13T15:14:18.073+0700][99.986s] GC(5) Concurrent Clear Claimed Marks
[2022-05-13T15:14:18.073+0700][99.986s] GC(5) Concurrent Clear Claimed Marks 0.056ms
[2022-05-13T15:14:18.073+0700][99.986s] GC(5) Concurrent Scan Root Regions
[2022-05-13T15:14:18.076+0700][99.989s] GC(5) Concurrent Scan Root Regions 2.549ms
[2022-05-13T15:14:18.076+0700][99.989s] GC(5) Concurrent Mark
[2022-05-13T15:14:18.076+0700][99.989s] GC(5) Concurrent Mark From Roots
[2022-05-13T15:14:18.076+0700][99.989s] GC(5) Using 2 workers of 2 for marking
[2022-05-13T15:14:18.085+0700][99.999s] GC(5) Concurrent Mark From Roots 9.498ms
[2022-05-13T15:14:18.085+0700][99.999s] GC(5) Concurrent Preclean
[2022-05-13T15:14:18.085+0700][99.999s] GC(5) Concurrent Preclean 0.059ms
[2022-05-13T15:14:18.086+0700][99.999s] GC(5) Pause Remark
[2022-05-13T15:14:18.088+0700][100.001s] GC(5) Pause Remark 33M->33M(512M) 1.784ms
[2022-05-13T15:14:18.088+0700][100.001s] GC(5) User=0.00s Sys=0.00s Real=0.00s
[2022-05-13T15:14:18.088+0700][100.001s] GC(5) Concurrent Mark 11.638ms
[2022-05-13T15:14:18.088+0700][100.001s] GC(5) Concurrent Rebuild Remembered Sets
[2022-05-13T15:14:18.093+0700][100.006s] GC(5) Concurrent Rebuild Remembered Sets 5.032ms
[2022-05-13T15:14:18.093+0700][100.006s] GC(5) Pause Cleanup
[2022-05-13T15:14:18.093+0700][100.006s] GC(5) Pause Cleanup 34M->34M(512M) 0.131ms
[2022-05-13T15:14:18.093+0700][100.006s] GC(5) User=0.00s Sys=0.00s Real=0.00s
[2022-05-13T15:14:18.093+0700][100.006s] GC(5) Concurrent Cleanup for Next Mark
[2022-05-13T15:14:18.094+0700][100.007s] GC(5) Concurrent Cleanup for Next Mark 0.856ms
[2022-05-13T15:14:18.094+0700][100.007s] GC(5) Concurrent Mark Cycle 20.651ms
[2022-05-13T15:24:54.173+0700][736.085s] Heap
[2022-05-13T15:24:54.173+0700][736.086s]  garbage-first heap   total 524288K, used 193914K [0x00000000e0000000, 0x0000000100000000)
[2022-05-13T15:24:54.173+0700][736.086s]   region size 1024K, 165 young (168960K), 12 survivors (12288K)
[2022-05-13T15:24:54.173+0700][736.086s]  Metaspace       used 51323K, committed 51712K, reserved 1097728K
[2022-05-13T15:24:54.173+0700][736.086s]   class space    used 6097K, committed 6272K, reserved 1048576K
