[2022-05-17T14:03:15.800+0700][0.011s] Using G1
[2022-05-17T14:03:15.937+0700][0.150s] Version: 17.0.3.1+2-LTS-6 (release)
[2022-05-17T14:03:15.937+0700][0.150s] CPUs: 8 total, 8 available
[2022-05-17T14:03:15.937+0700][0.150s] Memory: 8029M
[2022-05-17T14:03:15.937+0700][0.150s] Large Page Support: Disabled
[2022-05-17T14:03:15.937+0700][0.150s] NUMA Support: Disabled
[2022-05-17T14:03:15.937+0700][0.150s] Compressed Oops: Enabled (32-bit)
[2022-05-17T14:03:15.937+0700][0.150s] Heap Region Size: 1M
[2022-05-17T14:03:15.937+0700][0.150s] Heap Min Capacity: 512M
[2022-05-17T14:03:15.937+0700][0.150s] Heap Initial Capacity: 512M
[2022-05-17T14:03:15.937+0700][0.150s] Heap Max Capacity: 512M
[2022-05-17T14:03:15.937+0700][0.150s] Pre-touch: Enabled
[2022-05-17T14:03:15.938+0700][0.150s] Parallel Workers: 8
[2022-05-17T14:03:15.938+0700][0.150s] Concurrent Workers: 2
[2022-05-17T14:03:15.938+0700][0.150s] Concurrent Refinement Workers: 8
[2022-05-17T14:03:15.938+0700][0.150s] Periodic GC: Disabled
[2022-05-17T14:03:15.938+0700][0.151s] CDS archive(s) mapped at: [0x0000000800000000-0x0000000800bc0000-0x0000000800bc0000), size 12320768, SharedBaseAddress: 0x0000000800000000, ArchiveRelocationMode: 0.
[2022-05-17T14:03:15.938+0700][0.151s] Compressed class space mapped at: 0x0000000800c00000-0x0000000840c00000, reserved size: 1073741824
[2022-05-17T14:03:15.938+0700][0.151s] Narrow klass base: 0x0000000800000000, Narrow klass shift: 0, Narrow klass range: 0x100000000
[2022-05-17T14:03:16.666+0700][0.879s] GC(0) Pause Young (Normal) (G1 Evacuation Pause)
[2022-05-17T14:03:16.667+0700][0.879s] GC(0) Using 8 workers of 8 for evacuation
[2022-05-17T14:03:16.670+0700][0.882s] GC(0)   Pre Evacuate Collection Set: 0.0ms
[2022-05-17T14:03:16.670+0700][0.882s] GC(0)   Merge Heap Roots: 0.0ms
[2022-05-17T14:03:16.670+0700][0.882s] GC(0)   Evacuate Collection Set: 2.5ms
[2022-05-17T14:03:16.670+0700][0.882s] GC(0)   Post Evacuate Collection Set: 0.3ms
[2022-05-17T14:03:16.670+0700][0.882s] GC(0)   Other: 0.3ms
[2022-05-17T14:03:16.670+0700][0.882s] GC(0) Eden regions: 29->0(38)
[2022-05-17T14:03:16.670+0700][0.882s] GC(0) Survivor regions: 0->4(4)
[2022-05-17T14:03:16.670+0700][0.882s] GC(0) Old regions: 0->2
[2022-05-17T14:03:16.670+0700][0.882s] GC(0) Archive regions: 0->0
[2022-05-17T14:03:16.670+0700][0.882s] GC(0) Humongous regions: 0->0
[2022-05-17T14:03:16.670+0700][0.882s] GC(0) Metaspace: 9707K(9920K)->9707K(9920K) NonClass: 8578K(8704K)->8578K(8704K) Class: 1129K(1216K)->1129K(1216K)
[2022-05-17T14:03:16.670+0700][0.882s] GC(0) Pause Young (Normal) (G1 Evacuation Pause) 29M->5M(512M) 3.308ms
[2022-05-17T14:03:16.670+0700][0.882s] GC(0) User=0.11s Sys=0.00s Real=0.00s
[2022-05-17T14:03:17.069+0700][1.282s] GC(1) Pause Young (Normal) (G1 Evacuation Pause)
[2022-05-17T14:03:17.069+0700][1.282s] GC(1) Using 8 workers of 8 for evacuation
[2022-05-17T14:03:17.075+0700][1.288s] GC(1)   Pre Evacuate Collection Set: 0.0ms
[2022-05-17T14:03:17.075+0700][1.288s] GC(1)   Merge Heap Roots: 0.0ms
[2022-05-17T14:03:17.075+0700][1.288s] GC(1)   Evacuate Collection Set: 5.7ms
[2022-05-17T14:03:17.075+0700][1.288s] GC(1)   Post Evacuate Collection Set: 0.4ms
[2022-05-17T14:03:17.076+0700][1.288s] GC(1)   Other: 0.1ms
[2022-05-17T14:03:17.076+0700][1.288s] GC(1) Eden regions: 33->0(50)
[2022-05-17T14:03:17.076+0700][1.288s] GC(1) Survivor regions: 4->5(5)
[2022-05-17T14:03:17.076+0700][1.288s] GC(1) Old regions: 2->10
[2022-05-17T14:03:17.076+0700][1.288s] GC(1) Archive regions: 0->0
[2022-05-17T14:03:17.076+0700][1.288s] GC(1) Humongous regions: 4->4
[2022-05-17T14:03:17.076+0700][1.288s] GC(1) Metaspace: 15560K(15744K)->15560K(15744K) NonClass: 13742K(13824K)->13742K(13824K) Class: 1818K(1920K)->1818K(1920K)
[2022-05-17T14:03:17.076+0700][1.288s] GC(1) Pause Young (Normal) (G1 Evacuation Pause) 42M->18M(512M) 6.391ms
[2022-05-17T14:03:17.076+0700][1.288s] GC(1) User=0.09s Sys=0.00s Real=0.01s
[2022-05-17T14:03:17.471+0700][1.683s] GC(2) Pause Young (Concurrent Start) (Metadata GC Threshold)
[2022-05-17T14:03:17.471+0700][1.683s] GC(2) Using 8 workers of 8 for evacuation
[2022-05-17T14:03:17.474+0700][1.686s] GC(2)   Pre Evacuate Collection Set: 0.1ms
[2022-05-17T14:03:17.474+0700][1.686s] GC(2)   Merge Heap Roots: 0.1ms
[2022-05-17T14:03:17.474+0700][1.686s] GC(2)   Evacuate Collection Set: 2.6ms
[2022-05-17T14:03:17.474+0700][1.686s] GC(2)   Post Evacuate Collection Set: 0.6ms
[2022-05-17T14:03:17.474+0700][1.686s] GC(2)   Other: 0.2ms
[2022-05-17T14:03:17.474+0700][1.686s] GC(2) Eden regions: 49->0(92)
[2022-05-17T14:03:17.474+0700][1.686s] GC(2) Survivor regions: 5->6(7)
[2022-05-17T14:03:17.474+0700][1.686s] GC(2) Old regions: 10->16
[2022-05-17T14:03:17.474+0700][1.686s] GC(2) Archive regions: 0->0
[2022-05-17T14:03:17.474+0700][1.686s] GC(2) Humongous regions: 4->4
[2022-05-17T14:03:17.474+0700][1.686s] GC(2) Metaspace: 21266K(21504K)->21266K(21504K) NonClass: 18859K(18944K)->18859K(18944K) Class: 2406K(2560K)->2406K(2560K)
[2022-05-17T14:03:17.474+0700][1.686s] GC(2) Pause Young (Concurrent Start) (Metadata GC Threshold) 67M->25M(512M) 3.642ms
[2022-05-17T14:03:17.474+0700][1.686s] GC(2) User=0.00s Sys=0.00s Real=0.00s
[2022-05-17T14:03:17.474+0700][1.686s] GC(3) Concurrent Mark Cycle
[2022-05-17T14:03:17.474+0700][1.686s] GC(3) Concurrent Clear Claimed Marks
[2022-05-17T14:03:17.474+0700][1.686s] GC(3) Concurrent Clear Claimed Marks 0.024ms
[2022-05-17T14:03:17.474+0700][1.686s] GC(3) Concurrent Scan Root Regions
[2022-05-17T14:03:17.476+0700][1.688s] GC(3) Concurrent Scan Root Regions 1.853ms
[2022-05-17T14:03:17.476+0700][1.688s] GC(3) Concurrent Mark
[2022-05-17T14:03:17.476+0700][1.688s] GC(3) Concurrent Mark From Roots
[2022-05-17T14:03:17.476+0700][1.688s] GC(3) Using 2 workers of 2 for marking
[2022-05-17T14:03:17.482+0700][1.695s] GC(3) Concurrent Mark From Roots 6.184ms
[2022-05-17T14:03:17.482+0700][1.695s] GC(3) Concurrent Preclean
[2022-05-17T14:03:17.482+0700][1.695s] GC(3) Concurrent Preclean 0.047ms
[2022-05-17T14:03:17.483+0700][1.695s] GC(3) Pause Remark
[2022-05-17T14:03:17.484+0700][1.696s] GC(3) Pause Remark 27M->27M(512M) 1.001ms
[2022-05-17T14:03:17.484+0700][1.696s] GC(3) User=0.00s Sys=0.00s Real=0.00s
[2022-05-17T14:03:17.484+0700][1.696s] GC(3) Concurrent Mark 7.508ms
[2022-05-17T14:03:17.484+0700][1.696s] GC(3) Concurrent Rebuild Remembered Sets
[2022-05-17T14:03:17.488+0700][1.700s] GC(3) Concurrent Rebuild Remembered Sets 4.227ms
[2022-05-17T14:03:17.488+0700][1.700s] GC(3) Pause Cleanup
[2022-05-17T14:03:17.488+0700][1.700s] GC(3) Pause Cleanup 28M->28M(512M) 0.087ms
[2022-05-17T14:03:17.488+0700][1.700s] GC(3) User=0.00s Sys=0.00s Real=0.00s
[2022-05-17T14:03:17.488+0700][1.700s] GC(3) Concurrent Cleanup for Next Mark
[2022-05-17T14:03:17.489+0700][1.701s] GC(3) Concurrent Cleanup for Next Mark 0.550ms
[2022-05-17T14:03:17.489+0700][1.701s] GC(3) Concurrent Mark Cycle 14.562ms
[2022-05-17T14:03:22.984+0700][7.196s] GC(4) Pause Young (Prepare Mixed) (Metadata GC Threshold)
[2022-05-17T14:03:22.984+0700][7.196s] GC(4) Using 8 workers of 8 for evacuation
[2022-05-17T14:03:22.989+0700][7.202s] GC(4)   Pre Evacuate Collection Set: 0.0ms
[2022-05-17T14:03:22.989+0700][7.202s] GC(4)   Merge Heap Roots: 0.0ms
[2022-05-17T14:03:22.989+0700][7.202s] GC(4)   Evacuate Collection Set: 5.0ms
[2022-05-17T14:03:22.989+0700][7.202s] GC(4)   Post Evacuate Collection Set: 0.4ms
[2022-05-17T14:03:22.989+0700][7.202s] GC(4)   Other: 0.1ms
[2022-05-17T14:03:22.989+0700][7.202s] GC(4) Eden regions: 78->0(13)
[2022-05-17T14:03:22.990+0700][7.202s] GC(4) Survivor regions: 6->12(13)
[2022-05-17T14:03:22.990+0700][7.202s] GC(4) Old regions: 16->16
[2022-05-17T14:03:22.990+0700][7.202s] GC(4) Archive regions: 0->0
[2022-05-17T14:03:22.990+0700][7.202s] GC(4) Humongous regions: 5->4
[2022-05-17T14:03:22.990+0700][7.202s] GC(4) Metaspace: 36109K(36416K)->36109K(36416K) NonClass: 31855K(32000K)->31855K(32000K) Class: 4253K(4416K)->4253K(4416K)
[2022-05-17T14:03:22.990+0700][7.202s] GC(4) Pause Young (Prepare Mixed) (Metadata GC Threshold) 104M->31M(512M) 5.755ms
[2022-05-17T14:03:22.990+0700][7.202s] GC(4) User=0.00s Sys=0.00s Real=0.01s
[2022-05-17T14:03:23.003+0700][7.215s] GC(5) Pause Young (Mixed) (Metadata GC Threshold)
[2022-05-17T14:03:23.003+0700][7.216s] GC(5) Using 8 workers of 8 for evacuation
[2022-05-17T14:03:23.008+0700][7.220s] GC(5)   Pre Evacuate Collection Set: 0.0ms
[2022-05-17T14:03:23.008+0700][7.220s] GC(5)   Merge Heap Roots: 0.0ms
[2022-05-17T14:03:23.008+0700][7.220s] GC(5)   Evacuate Collection Set: 4.0ms
[2022-05-17T14:03:23.008+0700][7.220s] GC(5)   Post Evacuate Collection Set: 0.3ms
[2022-05-17T14:03:23.008+0700][7.220s] GC(5)   Other: 0.1ms
[2022-05-17T14:03:23.008+0700][7.220s] GC(5) Eden regions: 2->0(306)
[2022-05-17T14:03:23.008+0700][7.220s] GC(5) Survivor regions: 12->1(4)
[2022-05-17T14:03:23.008+0700][7.220s] GC(5) Old regions: 16->28
[2022-05-17T14:03:23.008+0700][7.220s] GC(5) Archive regions: 0->0
[2022-05-17T14:03:23.008+0700][7.220s] GC(5) Humongous regions: 4->4
[2022-05-17T14:03:23.008+0700][7.220s] GC(5) Metaspace: 36415K(36736K)->36415K(36736K) NonClass: 32112K(32256K)->32112K(32256K) Class: 4302K(4480K)->4302K(4480K)
[2022-05-17T14:03:23.008+0700][7.220s] GC(5) Pause Young (Mixed) (Metadata GC Threshold) 32M->32M(512M) 4.574ms
[2022-05-17T14:03:23.008+0700][7.220s] GC(5) User=0.00s Sys=0.00s Real=0.00s
[2022-05-17T14:03:23.052+0700][7.264s] GC(6) Pause Young (Concurrent Start) (Metadata GC Threshold)
[2022-05-17T14:03:23.052+0700][7.264s] GC(6) Using 8 workers of 8 for evacuation
[2022-05-17T14:03:23.052+0700][7.265s] GC(6)   Pre Evacuate Collection Set: 0.0ms
[2022-05-17T14:03:23.052+0700][7.265s] GC(6)   Merge Heap Roots: 0.0ms
[2022-05-17T14:03:23.052+0700][7.265s] GC(6)   Evacuate Collection Set: 0.5ms
[2022-05-17T14:03:23.052+0700][7.265s] GC(6)   Post Evacuate Collection Set: 0.1ms
[2022-05-17T14:03:23.052+0700][7.265s] GC(6)   Other: 0.1ms
[2022-05-17T14:03:23.052+0700][7.265s] GC(6) Eden regions: 7->0(306)
[2022-05-17T14:03:23.052+0700][7.265s] GC(6) Survivor regions: 1->1(39)
[2022-05-17T14:03:23.053+0700][7.265s] GC(6) Old regions: 28->28
[2022-05-17T14:03:23.053+0700][7.265s] GC(6) Archive regions: 0->0
[2022-05-17T14:03:23.053+0700][7.265s] GC(6) Humongous regions: 4->4
[2022-05-17T14:03:23.053+0700][7.265s] GC(6) Metaspace: 36790K(37056K)->36790K(37056K) NonClass: 32462K(32576K)->32462K(32576K) Class: 4327K(4480K)->4327K(4480K)
[2022-05-17T14:03:23.053+0700][7.265s] GC(6) Pause Young (Concurrent Start) (Metadata GC Threshold) 38M->32M(512M) 0.875ms
[2022-05-17T14:03:23.053+0700][7.265s] GC(6) User=0.00s Sys=0.00s Real=0.00s
[2022-05-17T14:03:23.053+0700][7.265s] GC(7) Concurrent Mark Cycle
[2022-05-17T14:03:23.053+0700][7.265s] GC(7) Concurrent Clear Claimed Marks
[2022-05-17T14:03:23.053+0700][7.265s] GC(7) Concurrent Clear Claimed Marks 0.013ms
[2022-05-17T14:03:23.053+0700][7.265s] GC(7) Concurrent Scan Root Regions
[2022-05-17T14:03:23.053+0700][7.265s] GC(7) Concurrent Scan Root Regions 0.417ms
[2022-05-17T14:03:23.053+0700][7.265s] GC(7) Concurrent Mark
[2022-05-17T14:03:23.053+0700][7.265s] GC(7) Concurrent Mark From Roots
[2022-05-17T14:03:23.053+0700][7.265s] GC(7) Using 2 workers of 2 for marking
[2022-05-17T14:03:23.071+0700][7.283s] GC(7) Concurrent Mark From Roots 17.824ms
[2022-05-17T14:03:23.071+0700][7.283s] GC(7) Concurrent Preclean
[2022-05-17T14:03:23.071+0700][7.283s] GC(7) Concurrent Preclean 0.104ms
[2022-05-17T14:03:23.071+0700][7.283s] GC(7) Pause Remark
[2022-05-17T14:03:23.072+0700][7.285s] GC(7) Pause Remark 34M->34M(512M) 1.228ms
[2022-05-17T14:03:23.072+0700][7.285s] GC(7) User=0.00s Sys=0.00s Real=0.00s
[2022-05-17T14:03:23.072+0700][7.285s] GC(7) Concurrent Mark 19.317ms
[2022-05-17T14:03:23.072+0700][7.285s] GC(7) Concurrent Rebuild Remembered Sets
[2022-05-17T14:03:23.081+0700][7.293s] GC(7) Concurrent Rebuild Remembered Sets 8.259ms
[2022-05-17T14:03:23.081+0700][7.293s] GC(7) Pause Cleanup
[2022-05-17T14:03:23.081+0700][7.293s] GC(7) Pause Cleanup 36M->36M(512M) 0.089ms
[2022-05-17T14:03:23.081+0700][7.293s] GC(7) User=0.00s Sys=0.00s Real=0.00s
[2022-05-17T14:03:23.081+0700][7.293s] GC(7) Concurrent Cleanup for Next Mark
[2022-05-17T14:03:23.082+0700][7.294s] GC(7) Concurrent Cleanup for Next Mark 0.727ms
[2022-05-17T14:03:23.082+0700][7.294s] GC(7) Concurrent Mark Cycle 29.114ms
