[2022-05-17T08:15:17.643+0700][0.010s] Using G1
[2022-05-17T08:15:17.822+0700][0.187s] Version: 17.0.3.1+2-LTS-6 (release)
[2022-05-17T08:15:17.822+0700][0.187s] CPUs: 8 total, 8 available
[2022-05-17T08:15:17.822+0700][0.187s] Memory: 8029M
[2022-05-17T08:15:17.822+0700][0.187s] Large Page Support: Disabled
[2022-05-17T08:15:17.822+0700][0.187s] NUMA Support: Disabled
[2022-05-17T08:15:17.822+0700][0.187s] Compressed Oops: Enabled (32-bit)
[2022-05-17T08:15:17.822+0700][0.187s] Heap Region Size: 1M
[2022-05-17T08:15:17.822+0700][0.187s] Heap Min Capacity: 512M
[2022-05-17T08:15:17.822+0700][0.187s] Heap Initial Capacity: 512M
[2022-05-17T08:15:17.822+0700][0.187s] Heap Max Capacity: 512M
[2022-05-17T08:15:17.822+0700][0.187s] Pre-touch: Enabled
[2022-05-17T08:15:17.822+0700][0.187s] Parallel Workers: 8
[2022-05-17T08:15:17.822+0700][0.187s] Concurrent Workers: 2
[2022-05-17T08:15:17.822+0700][0.187s] Concurrent Refinement Workers: 8
[2022-05-17T08:15:17.822+0700][0.187s] Periodic GC: Disabled
[2022-05-17T08:15:17.822+0700][0.188s] CDS archive(s) mapped at: [0x0000000800000000-0x0000000800bc0000-0x0000000800bc0000), size 12320768, SharedBaseAddress: 0x0000000800000000, ArchiveRelocationMode: 0.
[2022-05-17T08:15:17.822+0700][0.188s] Compressed class space mapped at: 0x0000000800c00000-0x0000000840c00000, reserved size: 1073741824
[2022-05-17T08:15:17.822+0700][0.188s] Narrow klass base: 0x0000000800000000, Narrow klass shift: 0, Narrow klass range: 0x100000000
[2022-05-17T08:15:18.512+0700][0.875s] GC(0) Pause Young (Normal) (G1 Evacuation Pause)
[2022-05-17T08:15:18.512+0700][0.876s] GC(0) Using 8 workers of 8 for evacuation
[2022-05-17T08:15:18.512+0700][0.879s] GC(0)   Pre Evacuate Collection Set: 0.0ms
[2022-05-17T08:15:18.512+0700][0.879s] GC(0)   Merge Heap Roots: 0.0ms
[2022-05-17T08:15:18.512+0700][0.879s] GC(0)   Evacuate Collection Set: 2.7ms
[2022-05-17T08:15:18.512+0700][0.879s] GC(0)   Post Evacuate Collection Set: 0.4ms
[2022-05-17T08:15:18.512+0700][0.879s] GC(0)   Other: 0.4ms
[2022-05-17T08:15:18.512+0700][0.879s] GC(0) Eden regions: 29->0(37)
[2022-05-17T08:15:18.512+0700][0.879s] GC(0) Survivor regions: 0->4(4)
[2022-05-17T08:15:18.512+0700][0.879s] GC(0) Old regions: 0->3
[2022-05-17T08:15:18.512+0700][0.879s] GC(0) Archive regions: 0->0
[2022-05-17T08:15:18.512+0700][0.879s] GC(0) Humongous regions: 4->4
[2022-05-17T08:15:18.512+0700][0.879s] GC(0) Metaspace: 9914K(10112K)->9914K(10112K) NonClass: 8746K(8832K)->8746K(8832K) Class: 1167K(1280K)->1167K(1280K)
[2022-05-17T08:15:18.512+0700][0.879s] GC(0) Pause Young (Normal) (G1 Evacuation Pause) 33M->10M(512M) 3.692ms
[2022-05-17T08:15:18.512+0700][0.879s] GC(0) User=0.00s Sys=0.00s Real=0.00s
[2022-05-17T08:15:18.992+0700][1.357s] GC(1) Pause Young (Normal) (G1 Evacuation Pause)
[2022-05-17T08:15:18.992+0700][1.357s] GC(1) Using 8 workers of 8 for evacuation
[2022-05-17T08:15:18.992+0700][1.363s] GC(1)   Pre Evacuate Collection Set: 0.1ms
[2022-05-17T08:15:18.992+0700][1.363s] GC(1)   Merge Heap Roots: 0.0ms
[2022-05-17T08:15:18.992+0700][1.363s] GC(1)   Evacuate Collection Set: 5.2ms
[2022-05-17T08:15:18.992+0700][1.363s] GC(1)   Post Evacuate Collection Set: 0.5ms
[2022-05-17T08:15:18.992+0700][1.363s] GC(1)   Other: 0.1ms
[2022-05-17T08:15:18.992+0700][1.363s] GC(1) Eden regions: 31->0(46)
[2022-05-17T08:15:18.992+0700][1.363s] GC(1) Survivor regions: 4->5(5)
[2022-05-17T08:15:18.992+0700][1.363s] GC(1) Old regions: 3->10
[2022-05-17T08:15:18.992+0700][1.363s] GC(1) Archive regions: 0->0
[2022-05-17T08:15:18.992+0700][1.363s] GC(1) Humongous regions: 4->4
[2022-05-17T08:15:18.992+0700][1.363s] GC(1) Metaspace: 15578K(15808K)->15578K(15808K) NonClass: 13760K(13888K)->13760K(13888K) Class: 1818K(1920K)->1818K(1920K)
[2022-05-17T08:15:18.992+0700][1.363s] GC(1) Pause Young (Normal) (G1 Evacuation Pause) 41M->18M(512M) 6.107ms
[2022-05-17T08:15:18.992+0700][1.363s] GC(1) User=0.00s Sys=0.00s Real=0.00s
[2022-05-17T08:15:19.372+0700][1.735s] GC(2) Pause Young (Normal) (G1 Evacuation Pause)
[2022-05-17T08:15:19.372+0700][1.735s] GC(2) Using 8 workers of 8 for evacuation
[2022-05-17T08:15:19.372+0700][1.739s] GC(2)   Pre Evacuate Collection Set: 0.1ms
[2022-05-17T08:15:19.372+0700][1.739s] GC(2)   Merge Heap Roots: 0.1ms
[2022-05-17T08:15:19.372+0700][1.739s] GC(2)   Evacuate Collection Set: 2.6ms
[2022-05-17T08:15:19.372+0700][1.739s] GC(2)   Post Evacuate Collection Set: 0.7ms
[2022-05-17T08:15:19.372+0700][1.739s] GC(2)   Other: 0.2ms
[2022-05-17T08:15:19.372+0700][1.739s] GC(2) Eden regions: 46->0(103)
[2022-05-17T08:15:19.372+0700][1.739s] GC(2) Survivor regions: 5->6(7)
[2022-05-17T08:15:19.372+0700][1.739s] GC(2) Old regions: 10->15
[2022-05-17T08:15:19.372+0700][1.739s] GC(2) Archive regions: 0->0
[2022-05-17T08:15:19.372+0700][1.739s] GC(2) Humongous regions: 4->4
[2022-05-17T08:15:19.372+0700][1.739s] GC(2) Metaspace: 20793K(21120K)->20793K(21120K) NonClass: 18456K(18624K)->18456K(18624K) Class: 2337K(2496K)->2337K(2496K)
[2022-05-17T08:15:19.372+0700][1.739s] GC(2) Pause Young (Normal) (G1 Evacuation Pause) 64M->24M(512M) 3.857ms
[2022-05-17T08:15:19.372+0700][1.739s] GC(2) User=0.00s Sys=0.00s Real=0.00s
[2022-05-17T08:15:19.393+0700][1.755s] GC(3) Pause Young (Concurrent Start) (Metadata GC Threshold)
[2022-05-17T08:15:19.393+0700][1.755s] GC(3) Using 8 workers of 8 for evacuation
[2022-05-17T08:15:19.393+0700][1.757s] GC(3)   Pre Evacuate Collection Set: 0.1ms
[2022-05-17T08:15:19.393+0700][1.757s] GC(3)   Merge Heap Roots: 0.0ms
[2022-05-17T08:15:19.393+0700][1.757s] GC(3)   Evacuate Collection Set: 1.2ms
[2022-05-17T08:15:19.393+0700][1.757s] GC(3)   Post Evacuate Collection Set: 0.4ms
[2022-05-17T08:15:19.393+0700][1.757s] GC(3)   Other: 0.2ms
[2022-05-17T08:15:19.393+0700][1.757s] GC(3) Eden regions: 2->0(181)
[2022-05-17T08:15:19.393+0700][1.757s] GC(3) Survivor regions: 6->6(14)
[2022-05-17T08:15:19.393+0700][1.757s] GC(3) Old regions: 15->15
[2022-05-17T08:15:19.393+0700][1.757s] GC(3) Archive regions: 0->0
[2022-05-17T08:15:19.393+0700][1.757s] GC(3) Humongous regions: 4->4
[2022-05-17T08:15:19.393+0700][1.757s] GC(3) Metaspace: 21210K(21504K)->21210K(21504K) NonClass: 18814K(18944K)->18814K(18944K) Class: 2395K(2560K)->2395K(2560K)
[2022-05-17T08:15:19.393+0700][1.757s] GC(3) Pause Young (Concurrent Start) (Metadata GC Threshold) 26M->24M(512M) 2.047ms
[2022-05-17T08:15:19.393+0700][1.757s] GC(3) User=0.00s Sys=0.00s Real=0.00s
[2022-05-17T08:15:19.393+0700][1.757s] GC(4) Concurrent Mark Cycle
[2022-05-17T08:15:19.393+0700][1.757s] GC(4) Concurrent Clear Claimed Marks
[2022-05-17T08:15:19.393+0700][1.757s] GC(4) Concurrent Clear Claimed Marks 0.017ms
[2022-05-17T08:15:19.393+0700][1.757s] GC(4) Concurrent Scan Root Regions
[2022-05-17T08:15:19.395+0700][1.758s] GC(4) Concurrent Scan Root Regions 0.743ms
[2022-05-17T08:15:19.395+0700][1.758s] GC(4) Concurrent Mark
[2022-05-17T08:15:19.395+0700][1.758s] GC(4) Concurrent Mark From Roots
[2022-05-17T08:15:19.395+0700][1.758s] GC(4) Using 2 workers of 2 for marking
[2022-05-17T08:15:19.402+0700][1.767s] GC(4) Concurrent Mark From Roots 8.583ms
[2022-05-17T08:15:19.402+0700][1.767s] GC(4) Concurrent Preclean
[2022-05-17T08:15:19.402+0700][1.767s] GC(4) Concurrent Preclean 0.058ms
[2022-05-17T08:15:19.402+0700][1.767s] GC(4) Pause Remark
[2022-05-17T08:15:19.402+0700][1.768s] GC(4) Pause Remark 26M->26M(512M) 1.367ms
[2022-05-17T08:15:19.402+0700][1.768s] GC(4) User=0.00s Sys=0.00s Real=0.00s
[2022-05-17T08:15:19.402+0700][1.768s] GC(4) Concurrent Mark 10.189ms
[2022-05-17T08:15:19.402+0700][1.768s] GC(4) Concurrent Rebuild Remembered Sets
[2022-05-17T08:15:19.402+0700][1.772s] GC(4) Concurrent Rebuild Remembered Sets 3.975ms
[2022-05-17T08:15:19.402+0700][1.772s] GC(4) Pause Cleanup
[2022-05-17T08:15:19.402+0700][1.773s] GC(4) Pause Cleanup 26M->26M(512M) 0.130ms
[2022-05-17T08:15:19.402+0700][1.773s] GC(4) User=0.00s Sys=0.00s Real=0.00s
[2022-05-17T08:15:19.402+0700][1.773s] GC(4) Concurrent Cleanup for Next Mark
[2022-05-17T08:15:19.402+0700][1.773s] GC(4) Concurrent Cleanup for Next Mark 0.396ms
[2022-05-17T08:15:19.402+0700][1.773s] GC(4) Concurrent Mark Cycle 15.863ms
[2022-05-17T08:15:25.247+0700][7.610s] GC(5) Pause Young (Prepare Mixed) (Metadata GC Threshold)
[2022-05-17T08:15:25.247+0700][7.610s] GC(5) Using 8 workers of 8 for evacuation
[2022-05-17T08:15:25.254+0700][7.616s] GC(5)   Pre Evacuate Collection Set: 0.0ms
[2022-05-17T08:15:25.254+0700][7.617s] GC(5)   Merge Heap Roots: 0.0ms
[2022-05-17T08:15:25.254+0700][7.617s] GC(5)   Evacuate Collection Set: 5.1ms
[2022-05-17T08:15:25.254+0700][7.617s] GC(5)   Post Evacuate Collection Set: 0.8ms
[2022-05-17T08:15:25.254+0700][7.617s] GC(5)   Other: 0.1ms
[2022-05-17T08:15:25.254+0700][7.617s] GC(5) Eden regions: 119->0(13)
[2022-05-17T08:15:25.254+0700][7.617s] GC(5) Survivor regions: 6->12(24)
[2022-05-17T08:15:25.254+0700][7.617s] GC(5) Old regions: 15->15
[2022-05-17T08:15:25.254+0700][7.617s] GC(5) Archive regions: 0->0
[2022-05-17T08:15:25.254+0700][7.617s] GC(5) Humongous regions: 5->4
[2022-05-17T08:15:25.254+0700][7.617s] GC(5) Metaspace: 35985K(36288K)->35985K(36288K) NonClass: 31747K(31872K)->31747K(31872K) Class: 4238K(4416K)->4238K(4416K)
[2022-05-17T08:15:25.254+0700][7.617s] GC(5) Pause Young (Prepare Mixed) (Metadata GC Threshold) 144M->30M(512M) 6.249ms
[2022-05-17T08:15:25.254+0700][7.617s] GC(5) User=0.00s Sys=0.00s Real=0.01s
[2022-05-17T08:15:25.273+0700][7.636s] GC(6) Pause Young (Mixed) (Metadata GC Threshold)
[2022-05-17T08:15:25.273+0700][7.636s] GC(6) Using 8 workers of 8 for evacuation
[2022-05-17T08:15:25.277+0700][7.640s] GC(6)   Pre Evacuate Collection Set: 0.1ms
[2022-05-17T08:15:25.277+0700][7.640s] GC(6)   Merge Heap Roots: 0.0ms
[2022-05-17T08:15:25.277+0700][7.640s] GC(6)   Evacuate Collection Set: 3.8ms
[2022-05-17T08:15:25.277+0700][7.640s] GC(6)   Post Evacuate Collection Set: 0.3ms
[2022-05-17T08:15:25.277+0700][7.640s] GC(6)   Other: 0.2ms
[2022-05-17T08:15:25.277+0700][7.640s] GC(6) Eden regions: 2->0(306)
[2022-05-17T08:15:25.277+0700][7.640s] GC(6) Survivor regions: 12->1(4)
[2022-05-17T08:15:25.277+0700][7.640s] GC(6) Old regions: 15->26
[2022-05-17T08:15:25.277+0700][7.640s] GC(6) Archive regions: 0->0
[2022-05-17T08:15:25.277+0700][7.640s] GC(6) Humongous regions: 4->4
[2022-05-17T08:15:25.277+0700][7.640s] GC(6) Metaspace: 36320K(36608K)->36320K(36608K) NonClass: 32040K(32192K)->32040K(32192K) Class: 4279K(4416K)->4279K(4416K)
[2022-05-17T08:15:25.277+0700][7.640s] GC(6) Pause Young (Mixed) (Metadata GC Threshold) 31M->30M(512M) 4.418ms
[2022-05-17T08:15:25.277+0700][7.640s] GC(6) User=0.12s Sys=0.00s Real=0.00s
[2022-05-17T08:15:25.315+0700][7.678s] GC(7) Pause Young (Concurrent Start) (Metadata GC Threshold)
[2022-05-17T08:15:25.315+0700][7.678s] GC(7) Using 8 workers of 8 for evacuation
[2022-05-17T08:15:25.316+0700][7.679s] GC(7)   Pre Evacuate Collection Set: 0.1ms
[2022-05-17T08:15:25.316+0700][7.679s] GC(7)   Merge Heap Roots: 0.0ms
[2022-05-17T08:15:25.316+0700][7.679s] GC(7)   Evacuate Collection Set: 0.4ms
[2022-05-17T08:15:25.316+0700][7.679s] GC(7)   Post Evacuate Collection Set: 0.1ms
[2022-05-17T08:15:25.316+0700][7.679s] GC(7)   Other: 0.2ms
[2022-05-17T08:15:25.316+0700][7.679s] GC(7) Eden regions: 5->0(306)
[2022-05-17T08:15:25.316+0700][7.679s] GC(7) Survivor regions: 1->1(39)
[2022-05-17T08:15:25.316+0700][7.679s] GC(7) Old regions: 26->26
[2022-05-17T08:15:25.316+0700][7.679s] GC(7) Archive regions: 0->0
[2022-05-17T08:15:25.316+0700][7.679s] GC(7) Humongous regions: 4->4
[2022-05-17T08:15:25.316+0700][7.679s] GC(7) Metaspace: 36671K(36928K)->36671K(36928K) NonClass: 32355K(32448K)->32355K(32448K) Class: 4316K(4480K)->4316K(4480K)
[2022-05-17T08:15:25.316+0700][7.679s] GC(7) Pause Young (Concurrent Start) (Metadata GC Threshold) 35M->30M(512M) 0.855ms
[2022-05-17T08:15:25.316+0700][7.679s] GC(7) User=0.00s Sys=0.00s Real=0.00s
[2022-05-17T08:15:25.316+0700][7.679s] GC(8) Concurrent Mark Cycle
[2022-05-17T08:15:25.316+0700][7.679s] GC(8) Concurrent Clear Claimed Marks
[2022-05-17T08:15:25.316+0700][7.679s] GC(8) Concurrent Clear Claimed Marks 0.012ms
[2022-05-17T08:15:25.316+0700][7.679s] GC(8) Concurrent Scan Root Regions
[2022-05-17T08:15:25.317+0700][7.679s] GC(8) Concurrent Scan Root Regions 0.304ms
[2022-05-17T08:15:25.317+0700][7.679s] GC(8) Concurrent Mark
[2022-05-17T08:15:25.317+0700][7.679s] GC(8) Concurrent Mark From Roots
[2022-05-17T08:15:25.317+0700][7.679s] GC(8) Using 2 workers of 2 for marking
[2022-05-17T08:15:25.336+0700][7.699s] GC(8) Concurrent Mark From Roots 19.672ms
[2022-05-17T08:15:25.336+0700][7.699s] GC(8) Concurrent Preclean
[2022-05-17T08:15:25.337+0700][7.699s] GC(8) Concurrent Preclean 0.160ms
[2022-05-17T08:15:25.337+0700][7.699s] GC(8) Pause Remark
[2022-05-17T08:15:25.339+0700][7.702s] GC(8) Pause Remark 32M->32M(512M) 2.450ms
[2022-05-17T08:15:25.339+0700][7.702s] GC(8) User=0.06s Sys=0.00s Real=0.00s
[2022-05-17T08:15:25.339+0700][7.702s] GC(8) Concurrent Mark 22.878ms
[2022-05-17T08:15:25.339+0700][7.702s] GC(8) Concurrent Rebuild Remembered Sets
[2022-05-17T08:15:25.348+0700][7.710s] GC(8) Concurrent Rebuild Remembered Sets 8.233ms
[2022-05-17T08:15:25.348+0700][7.710s] GC(8) Pause Cleanup
[2022-05-17T08:15:25.349+0700][7.710s] GC(8) Pause Cleanup 33M->33M(512M) 0.078ms
[2022-05-17T08:15:25.349+0700][7.710s] GC(8) User=0.00s Sys=0.00s Real=0.00s
[2022-05-17T08:15:25.349+0700][7.711s] GC(8) Concurrent Cleanup for Next Mark
[2022-05-17T08:15:25.349+0700][7.711s] GC(8) Concurrent Cleanup for Next Mark 0.738ms
[2022-05-17T08:15:25.349+0700][7.711s] GC(8) Concurrent Mark Cycle 32.593ms
