[2022-05-13T15:50:02.606+0700][0.009s] Using G1
[2022-05-13T15:50:02.731+0700][0.128s] Version: 17.0.3.1+2-LTS-6 (release)
[2022-05-13T15:50:02.731+0700][0.128s] CPUs: 8 total, 8 available
[2022-05-13T15:50:02.731+0700][0.128s] Memory: 8029M
[2022-05-13T15:50:02.731+0700][0.128s] Large Page Support: Disabled
[2022-05-13T15:50:02.731+0700][0.128s] NUMA Support: Disabled
[2022-05-13T15:50:02.731+0700][0.128s] Compressed Oops: Enabled (32-bit)
[2022-05-13T15:50:02.731+0700][0.128s] Heap Region Size: 1M
[2022-05-13T15:50:02.731+0700][0.128s] Heap Min Capacity: 512M
[2022-05-13T15:50:02.731+0700][0.128s] Heap Initial Capacity: 512M
[2022-05-13T15:50:02.731+0700][0.128s] Heap Max Capacity: 512M
[2022-05-13T15:50:02.731+0700][0.128s] Pre-touch: Enabled
[2022-05-13T15:50:02.731+0700][0.128s] Parallel Workers: 8
[2022-05-13T15:50:02.731+0700][0.128s] Concurrent Workers: 2
[2022-05-13T15:50:02.731+0700][0.128s] Concurrent Refinement Workers: 8
[2022-05-13T15:50:02.731+0700][0.128s] Periodic GC: Disabled
[2022-05-13T15:50:02.731+0700][0.129s] CDS archive(s) mapped at: [0x0000000800000000-0x0000000800bc0000-0x0000000800bc0000), size 12320768, SharedBaseAddress: 0x0000000800000000, ArchiveRelocationMode: 0.
[2022-05-13T15:50:02.731+0700][0.129s] Compressed class space mapped at: 0x0000000800c00000-0x0000000840c00000, reserved size: 1073741824
[2022-05-13T15:50:02.731+0700][0.129s] Narrow klass base: 0x0000000800000000, Narrow klass shift: 0, Narrow klass range: 0x100000000
[2022-05-13T15:50:03.403+0700][0.799s] GC(0) Pause Young (Normal) (G1 Evacuation Pause)
[2022-05-13T15:50:03.403+0700][0.799s] GC(0) Using 8 workers of 8 for evacuation
[2022-05-13T15:50:03.403+0700][0.803s] GC(0)   Pre Evacuate Collection Set: 0.0ms
[2022-05-13T15:50:03.403+0700][0.803s] GC(0)   Merge Heap Roots: 0.0ms
[2022-05-13T15:50:03.403+0700][0.803s] GC(0)   Evacuate Collection Set: 3.1ms
[2022-05-13T15:50:03.403+0700][0.803s] GC(0)   Post Evacuate Collection Set: 0.4ms
[2022-05-13T15:50:03.403+0700][0.803s] GC(0)   Other: 0.4ms
[2022-05-13T15:50:03.403+0700][0.803s] GC(0) Eden regions: 29->0(37)
[2022-05-13T15:50:03.403+0700][0.803s] GC(0) Survivor regions: 0->4(4)
[2022-05-13T15:50:03.403+0700][0.803s] GC(0) Old regions: 0->3
[2022-05-13T15:50:03.403+0700][0.803s] GC(0) Archive regions: 0->0
[2022-05-13T15:50:03.403+0700][0.803s] GC(0) Humongous regions: 4->4
[2022-05-13T15:50:03.403+0700][0.803s] GC(0) Metaspace: 9894K(10112K)->9894K(10112K) NonClass: 8726K(8832K)->8726K(8832K) Class: 1167K(1280K)->1167K(1280K)
[2022-05-13T15:50:03.403+0700][0.803s] GC(0) Pause Young (Normal) (G1 Evacuation Pause) 33M->10M(512M) 4.133ms
[2022-05-13T15:50:03.403+0700][0.803s] GC(0) User=0.00s Sys=0.00s Real=0.00s
[2022-05-13T15:50:03.838+0700][1.238s] GC(1) Pause Young (Normal) (G1 Evacuation Pause)
[2022-05-13T15:50:03.838+0700][1.238s] GC(1) Using 8 workers of 8 for evacuation
[2022-05-13T15:50:03.854+0700][1.243s] GC(1)   Pre Evacuate Collection Set: 0.1ms
[2022-05-13T15:50:03.854+0700][1.243s] GC(1)   Merge Heap Roots: 0.0ms
[2022-05-13T15:50:03.854+0700][1.244s] GC(1)   Evacuate Collection Set: 5.3ms
[2022-05-13T15:50:03.854+0700][1.244s] GC(1)   Post Evacuate Collection Set: 0.5ms
[2022-05-13T15:50:03.854+0700][1.244s] GC(1)   Other: 0.1ms
[2022-05-13T15:50:03.854+0700][1.244s] GC(1) Eden regions: 30->0(45)
[2022-05-13T15:50:03.854+0700][1.244s] GC(1) Survivor regions: 4->5(5)
[2022-05-13T15:50:03.854+0700][1.244s] GC(1) Old regions: 3->10
[2022-05-13T15:50:03.854+0700][1.244s] GC(1) Archive regions: 0->0
[2022-05-13T15:50:03.854+0700][1.244s] GC(1) Humongous regions: 4->4
[2022-05-13T15:50:03.854+0700][1.244s] GC(1) Metaspace: 15567K(15808K)->15567K(15808K) NonClass: 13748K(13888K)->13748K(13888K) Class: 1818K(1920K)->1818K(1920K)
[2022-05-13T15:50:03.854+0700][1.244s] GC(1) Pause Young (Normal) (G1 Evacuation Pause) 40M->18M(512M) 6.088ms
[2022-05-13T15:50:03.854+0700][1.244s] GC(1) User=0.11s Sys=0.00s Real=0.02s
[2022-05-13T15:50:04.166+0700][1.570s] GC(2) Pause Young (Normal) (G1 Evacuation Pause)
[2022-05-13T15:50:04.166+0700][1.570s] GC(2) Using 8 workers of 8 for evacuation
[2022-05-13T15:50:04.182+0700][1.574s] GC(2)   Pre Evacuate Collection Set: 0.1ms
[2022-05-13T15:50:04.182+0700][1.574s] GC(2)   Merge Heap Roots: 0.1ms
[2022-05-13T15:50:04.182+0700][1.574s] GC(2)   Evacuate Collection Set: 3.4ms
[2022-05-13T15:50:04.182+0700][1.574s] GC(2)   Post Evacuate Collection Set: 0.5ms
[2022-05-13T15:50:04.182+0700][1.574s] GC(2)   Other: 0.2ms
[2022-05-13T15:50:04.182+0700][1.574s] GC(2) Eden regions: 45->0(88)
[2022-05-13T15:50:04.182+0700][1.574s] GC(2) Survivor regions: 5->6(7)
[2022-05-13T15:50:04.182+0700][1.574s] GC(2) Old regions: 10->16
[2022-05-13T15:50:04.182+0700][1.574s] GC(2) Archive regions: 0->0
[2022-05-13T15:50:04.182+0700][1.574s] GC(2) Humongous regions: 4->4
[2022-05-13T15:50:04.182+0700][1.574s] GC(2) Metaspace: 20634K(20928K)->20634K(20928K) NonClass: 18305K(18432K)->18305K(18432K) Class: 2329K(2496K)->2329K(2496K)
[2022-05-13T15:50:04.182+0700][1.574s] GC(2) Pause Young (Normal) (G1 Evacuation Pause) 63M->24M(512M) 4.363ms
[2022-05-13T15:50:04.182+0700][1.574s] GC(2) User=0.12s Sys=0.00s Real=0.02s
[2022-05-13T15:50:04.197+0700][1.595s] GC(3) Pause Young (Concurrent Start) (Metadata GC Threshold)
[2022-05-13T15:50:04.197+0700][1.595s] GC(3) Using 8 workers of 8 for evacuation
[2022-05-13T15:50:04.197+0700][1.597s] GC(3)   Pre Evacuate Collection Set: 0.0ms
[2022-05-13T15:50:04.197+0700][1.597s] GC(3)   Merge Heap Roots: 0.0ms
[2022-05-13T15:50:04.197+0700][1.597s] GC(3)   Evacuate Collection Set: 1.1ms
[2022-05-13T15:50:04.197+0700][1.597s] GC(3)   Post Evacuate Collection Set: 0.4ms
[2022-05-13T15:50:04.197+0700][1.597s] GC(3)   Other: 0.1ms
[2022-05-13T15:50:04.197+0700][1.597s] GC(3) Eden regions: 3->0(149)
[2022-05-13T15:50:04.197+0700][1.597s] GC(3) Survivor regions: 6->6(12)
[2022-05-13T15:50:04.197+0700][1.597s] GC(3) Old regions: 16->16
[2022-05-13T15:50:04.197+0700][1.597s] GC(3) Archive regions: 0->0
[2022-05-13T15:50:04.197+0700][1.597s] GC(3) Humongous regions: 4->4
[2022-05-13T15:50:04.197+0700][1.597s] GC(3) Metaspace: 21275K(21504K)->21275K(21504K) NonClass: 18868K(18944K)->18868K(18944K) Class: 2406K(2560K)->2406K(2560K)
[2022-05-13T15:50:04.197+0700][1.597s] GC(3) Pause Young (Concurrent Start) (Metadata GC Threshold) 27M->24M(512M) 1.855ms
[2022-05-13T15:50:04.197+0700][1.597s] GC(3) User=0.00s Sys=0.00s Real=0.00s
[2022-05-13T15:50:04.197+0700][1.597s] GC(4) Concurrent Mark Cycle
[2022-05-13T15:50:04.197+0700][1.597s] GC(4) Concurrent Clear Claimed Marks
[2022-05-13T15:50:04.197+0700][1.597s] GC(4) Concurrent Clear Claimed Marks 0.011ms
[2022-05-13T15:50:04.197+0700][1.597s] GC(4) Concurrent Scan Root Regions
[2022-05-13T15:50:04.197+0700][1.598s] GC(4) Concurrent Scan Root Regions 0.633ms
[2022-05-13T15:50:04.197+0700][1.598s] GC(4) Concurrent Mark
[2022-05-13T15:50:04.197+0700][1.598s] GC(4) Concurrent Mark From Roots
[2022-05-13T15:50:04.197+0700][1.598s] GC(4) Using 2 workers of 2 for marking
[2022-05-13T15:50:04.213+0700][1.607s] GC(4) Concurrent Mark From Roots 8.986ms
[2022-05-13T15:50:04.213+0700][1.607s] GC(4) Concurrent Preclean
[2022-05-13T15:50:04.213+0700][1.607s] GC(4) Concurrent Preclean 0.087ms
[2022-05-13T15:50:04.213+0700][1.607s] GC(4) Pause Remark
[2022-05-13T15:50:04.213+0700][1.608s] GC(4) Pause Remark 25M->25M(512M) 1.215ms
[2022-05-13T15:50:04.213+0700][1.608s] GC(4) User=0.00s Sys=0.00s Real=0.00s
[2022-05-13T15:50:04.213+0700][1.608s] GC(4) Concurrent Mark 10.463ms
[2022-05-13T15:50:04.213+0700][1.608s] GC(4) Concurrent Rebuild Remembered Sets
[2022-05-13T15:50:04.213+0700][1.613s] GC(4) Concurrent Rebuild Remembered Sets 4.534ms
[2022-05-13T15:50:04.213+0700][1.613s] GC(4) Pause Cleanup
[2022-05-13T15:50:04.213+0700][1.613s] GC(4) Pause Cleanup 26M->26M(512M) 0.068ms
[2022-05-13T15:50:04.213+0700][1.613s] GC(4) User=0.00s Sys=0.00s Real=0.00s
[2022-05-13T15:50:04.213+0700][1.613s] GC(4) Concurrent Cleanup for Next Mark
[2022-05-13T15:50:04.213+0700][1.614s] GC(4) Concurrent Cleanup for Next Mark 0.468ms
[2022-05-13T15:50:04.213+0700][1.614s] GC(4) Concurrent Mark Cycle 16.583ms
[2022-05-13T15:50:16.398+0700][13.800s] GC(5) Pause Young (Concurrent Start) (Metadata GC Threshold)
[2022-05-13T15:50:16.398+0700][13.800s] GC(5) Using 8 workers of 8 for evacuation
[2022-05-13T15:50:16.413+0700][13.807s] GC(5)   Pre Evacuate Collection Set: 0.1ms
[2022-05-13T15:50:16.413+0700][13.807s] GC(5)   Merge Heap Roots: 0.1ms
[2022-05-13T15:50:16.413+0700][13.807s] GC(5)   Evacuate Collection Set: 5.9ms
[2022-05-13T15:50:16.413+0700][13.807s] GC(5)   Post Evacuate Collection Set: 0.6ms
[2022-05-13T15:50:16.413+0700][13.807s] GC(5)   Other: 0.2ms
[2022-05-13T15:50:16.413+0700][13.807s] GC(5) Eden regions: 89->0(295)
[2022-05-13T15:50:16.413+0700][13.807s] GC(5) Survivor regions: 6->12(20)
[2022-05-13T15:50:16.413+0700][13.807s] GC(5) Old regions: 16->16
[2022-05-13T15:50:16.413+0700][13.807s] GC(5) Archive regions: 0->0
[2022-05-13T15:50:16.413+0700][13.807s] GC(5) Humongous regions: 4->4
[2022-05-13T15:50:16.413+0700][13.807s] GC(5) Metaspace: 36128K(36416K)->36128K(36416K) NonClass: 31842K(31936K)->31842K(31936K) Class: 4286K(4480K)->4286K(4480K)
[2022-05-13T15:50:16.413+0700][13.807s] GC(5) Pause Young (Concurrent Start) (Metadata GC Threshold) 112M->30M(512M) 6.882ms
[2022-05-13T15:50:16.413+0700][13.807s] GC(5) User=0.12s Sys=0.00s Real=0.02s
[2022-05-13T15:50:16.413+0700][13.807s] GC(6) Concurrent Mark Cycle
[2022-05-13T15:50:16.413+0700][13.807s] GC(6) Concurrent Clear Claimed Marks
[2022-05-13T15:50:16.413+0700][13.807s] GC(6) Concurrent Clear Claimed Marks 0.019ms
[2022-05-13T15:50:16.413+0700][13.807s] GC(6) Concurrent Scan Root Regions
[2022-05-13T15:50:16.413+0700][13.810s] GC(6) Concurrent Scan Root Regions 3.036ms
[2022-05-13T15:50:16.413+0700][13.810s] GC(6) Concurrent Mark
[2022-05-13T15:50:16.413+0700][13.810s] GC(6) Concurrent Mark From Roots
[2022-05-13T15:50:16.413+0700][13.810s] GC(6) Using 2 workers of 2 for marking
[2022-05-13T15:50:16.429+0700][13.822s] GC(6) Concurrent Mark From Roots 12.010ms
[2022-05-13T15:50:16.429+0700][13.822s] GC(6) Concurrent Preclean
[2022-05-13T15:50:16.429+0700][13.823s] GC(6) Concurrent Preclean 0.091ms
[2022-05-13T15:50:16.429+0700][13.823s] GC(6) Pause Remark
[2022-05-13T15:50:16.429+0700][13.824s] GC(6) Pause Remark 32M->32M(512M) 1.478ms
[2022-05-13T15:50:16.429+0700][13.824s] GC(6) User=0.00s Sys=0.00s Real=0.00s
[2022-05-13T15:50:16.429+0700][13.824s] GC(6) Concurrent Mark 13.783ms
[2022-05-13T15:50:16.429+0700][13.824s] GC(6) Concurrent Rebuild Remembered Sets
[2022-05-13T15:50:16.429+0700][13.830s] GC(6) Concurrent Rebuild Remembered Sets 6.118ms
[2022-05-13T15:50:16.429+0700][13.830s] GC(6) Pause Cleanup
[2022-05-13T15:50:16.429+0700][13.831s] GC(6) Pause Cleanup 33M->33M(512M) 0.129ms
[2022-05-13T15:50:16.429+0700][13.831s] GC(6) User=0.00s Sys=0.00s Real=0.00s
[2022-05-13T15:50:16.429+0700][13.831s] GC(6) Concurrent Cleanup for Next Mark
[2022-05-13T15:50:16.429+0700][13.831s] GC(6) Concurrent Cleanup for Next Mark 0.671ms
[2022-05-13T15:50:16.429+0700][13.831s] GC(6) Concurrent Mark Cycle 24.076ms
