[2022-05-13T22:36:22.429+0700][0.010s] Using G1
[2022-05-13T22:36:22.559+0700][0.140s] Version: 17.0.3.1+2-LTS-6 (release)
[2022-05-13T22:36:22.559+0700][0.140s] CPUs: 8 total, 8 available
[2022-05-13T22:36:22.559+0700][0.140s] Memory: 8029M
[2022-05-13T22:36:22.559+0700][0.140s] Large Page Support: Disabled
[2022-05-13T22:36:22.559+0700][0.140s] NUMA Support: Disabled
[2022-05-13T22:36:22.559+0700][0.140s] Compressed Oops: Enabled (32-bit)
[2022-05-13T22:36:22.559+0700][0.140s] Heap Region Size: 1M
[2022-05-13T22:36:22.559+0700][0.140s] Heap Min Capacity: 512M
[2022-05-13T22:36:22.559+0700][0.140s] Heap Initial Capacity: 512M
[2022-05-13T22:36:22.559+0700][0.140s] Heap Max Capacity: 512M
[2022-05-13T22:36:22.559+0700][0.140s] Pre-touch: Enabled
[2022-05-13T22:36:22.563+0700][0.140s] Parallel Workers: 8
[2022-05-13T22:36:22.563+0700][0.140s] Concurrent Workers: 2
[2022-05-13T22:36:22.563+0700][0.140s] Concurrent Refinement Workers: 8
[2022-05-13T22:36:22.563+0700][0.140s] Periodic GC: Disabled
[2022-05-13T22:36:22.563+0700][0.141s] CDS archive(s) mapped at: [0x0000000800000000-0x0000000800bc0000-0x0000000800bc0000), size 12320768, SharedBaseAddress: 0x0000000800000000, ArchiveRelocationMode: 0.
[2022-05-13T22:36:22.563+0700][0.141s] Compressed class space mapped at: 0x0000000800c00000-0x0000000840c00000, reserved size: 1073741824
[2022-05-13T22:36:22.563+0700][0.141s] Narrow klass base: 0x0000000800000000, Narrow klass shift: 0, Narrow klass range: 0x100000000
[2022-05-13T22:36:23.319+0700][0.899s] GC(0) Pause Young (Normal) (G1 Evacuation Pause)
[2022-05-13T22:36:23.319+0700][0.900s] GC(0) Using 8 workers of 8 for evacuation
[2022-05-13T22:36:23.319+0700][0.903s] GC(0)   Pre Evacuate Collection Set: 0.0ms
[2022-05-13T22:36:23.319+0700][0.903s] GC(0)   Merge Heap Roots: 0.0ms
[2022-05-13T22:36:23.319+0700][0.903s] GC(0)   Evacuate Collection Set: 2.7ms
[2022-05-13T22:36:23.319+0700][0.903s] GC(0)   Post Evacuate Collection Set: 0.3ms
[2022-05-13T22:36:23.319+0700][0.903s] GC(0)   Other: 0.3ms
[2022-05-13T22:36:23.319+0700][0.903s] GC(0) Eden regions: 29->0(37)
[2022-05-13T22:36:23.319+0700][0.903s] GC(0) Survivor regions: 0->4(4)
[2022-05-13T22:36:23.319+0700][0.903s] GC(0) Old regions: 0->3
[2022-05-13T22:36:23.319+0700][0.903s] GC(0) Archive regions: 0->0
[2022-05-13T22:36:23.319+0700][0.903s] GC(0) Humongous regions: 4->4
[2022-05-13T22:36:23.319+0700][0.903s] GC(0) Metaspace: 9906K(10112K)->9906K(10112K) NonClass: 8738K(8832K)->8738K(8832K) Class: 1167K(1280K)->1167K(1280K)
[2022-05-13T22:36:23.319+0700][0.903s] GC(0) Pause Young (Normal) (G1 Evacuation Pause) 33M->10M(512M) 3.514ms
[2022-05-13T22:36:23.319+0700][0.903s] GC(0) User=0.00s Sys=0.00s Real=0.00s
[2022-05-13T22:36:23.809+0700][1.393s] GC(1) Pause Young (Normal) (G1 Evacuation Pause)
[2022-05-13T22:36:23.809+0700][1.393s] GC(1) Using 8 workers of 8 for evacuation
[2022-05-13T22:36:23.819+0700][1.399s] GC(1)   Pre Evacuate Collection Set: 0.0ms
[2022-05-13T22:36:23.819+0700][1.399s] GC(1)   Merge Heap Roots: 0.0ms
[2022-05-13T22:36:23.819+0700][1.399s] GC(1)   Evacuate Collection Set: 5.5ms
[2022-05-13T22:36:23.819+0700][1.399s] GC(1)   Post Evacuate Collection Set: 0.6ms
[2022-05-13T22:36:23.819+0700][1.399s] GC(1)   Other: 0.1ms
[2022-05-13T22:36:23.819+0700][1.399s] GC(1) Eden regions: 30->0(45)
[2022-05-13T22:36:23.819+0700][1.399s] GC(1) Survivor regions: 4->5(5)
[2022-05-13T22:36:23.819+0700][1.399s] GC(1) Old regions: 3->10
[2022-05-13T22:36:23.819+0700][1.399s] GC(1) Archive regions: 0->0
[2022-05-13T22:36:23.819+0700][1.399s] GC(1) Humongous regions: 4->4
[2022-05-13T22:36:23.819+0700][1.399s] GC(1) Metaspace: 15574K(15808K)->15574K(15808K) NonClass: 13756K(13888K)->13756K(13888K) Class: 1818K(1920K)->1818K(1920K)
[2022-05-13T22:36:23.819+0700][1.399s] GC(1) Pause Young (Normal) (G1 Evacuation Pause) 40M->18M(512M) 6.355ms
[2022-05-13T22:36:23.819+0700][1.399s] GC(1) User=0.11s Sys=0.00s Real=0.01s
[2022-05-13T22:36:24.199+0700][1.782s] GC(2) Pause Young (Normal) (G1 Evacuation Pause)
[2022-05-13T22:36:24.199+0700][1.782s] GC(2) Using 8 workers of 8 for evacuation
[2022-05-13T22:36:24.199+0700][1.785s] GC(2)   Pre Evacuate Collection Set: 0.1ms
[2022-05-13T22:36:24.199+0700][1.785s] GC(2)   Merge Heap Roots: 0.1ms
[2022-05-13T22:36:24.199+0700][1.785s] GC(2)   Evacuate Collection Set: 2.5ms
[2022-05-13T22:36:24.199+0700][1.785s] GC(2)   Post Evacuate Collection Set: 0.6ms
[2022-05-13T22:36:24.199+0700][1.785s] GC(2)   Other: 0.1ms
[2022-05-13T22:36:24.199+0700][1.785s] GC(2) Eden regions: 45->0(103)
[2022-05-13T22:36:24.199+0700][1.785s] GC(2) Survivor regions: 5->6(7)
[2022-05-13T22:36:24.199+0700][1.785s] GC(2) Old regions: 10->15
[2022-05-13T22:36:24.199+0700][1.785s] GC(2) Archive regions: 0->0
[2022-05-13T22:36:24.199+0700][1.785s] GC(2) Humongous regions: 4->4
[2022-05-13T22:36:24.199+0700][1.785s] GC(2) Metaspace: 20682K(20928K)->20682K(20928K) NonClass: 18350K(18432K)->18350K(18432K) Class: 2332K(2496K)->2332K(2496K)
[2022-05-13T22:36:24.199+0700][1.785s] GC(2) Pause Young (Normal) (G1 Evacuation Pause) 63M->24M(512M) 3.477ms
[2022-05-13T22:36:24.199+0700][1.785s] GC(2) User=0.00s Sys=0.00s Real=0.00s
[2022-05-13T22:36:24.219+0700][1.802s] GC(3) Pause Young (Concurrent Start) (Metadata GC Threshold)
[2022-05-13T22:36:24.219+0700][1.802s] GC(3) Using 8 workers of 8 for evacuation
[2022-05-13T22:36:24.219+0700][1.803s] GC(3)   Pre Evacuate Collection Set: 0.0ms
[2022-05-13T22:36:24.219+0700][1.803s] GC(3)   Merge Heap Roots: 0.0ms
[2022-05-13T22:36:24.219+0700][1.803s] GC(3)   Evacuate Collection Set: 1.1ms
[2022-05-13T22:36:24.219+0700][1.803s] GC(3)   Post Evacuate Collection Set: 0.3ms
[2022-05-13T22:36:24.219+0700][1.803s] GC(3)   Other: 0.1ms
[2022-05-13T22:36:24.219+0700][1.803s] GC(3) Eden regions: 2->0(178)
[2022-05-13T22:36:24.219+0700][1.803s] GC(3) Survivor regions: 6->6(14)
[2022-05-13T22:36:24.219+0700][1.803s] GC(3) Old regions: 15->15
[2022-05-13T22:36:24.219+0700][1.803s] GC(3) Archive regions: 0->0
[2022-05-13T22:36:24.219+0700][1.803s] GC(3) Humongous regions: 4->4
[2022-05-13T22:36:24.219+0700][1.803s] GC(3) Metaspace: 21218K(21504K)->21218K(21504K) NonClass: 18819K(18944K)->18819K(18944K) Class: 2399K(2560K)->2399K(2560K)
[2022-05-13T22:36:24.219+0700][1.804s] GC(3) Pause Young (Concurrent Start) (Metadata GC Threshold) 26M->24M(512M) 1.789ms
[2022-05-13T22:36:24.219+0700][1.804s] GC(3) User=0.00s Sys=0.00s Real=0.00s
[2022-05-13T22:36:24.219+0700][1.804s] GC(4) Concurrent Mark Cycle
[2022-05-13T22:36:24.219+0700][1.804s] GC(4) Concurrent Clear Claimed Marks
[2022-05-13T22:36:24.219+0700][1.804s] GC(4) Concurrent Clear Claimed Marks 0.016ms
[2022-05-13T22:36:24.219+0700][1.804s] GC(4) Concurrent Scan Root Regions
[2022-05-13T22:36:24.219+0700][1.804s] GC(4) Concurrent Scan Root Regions 0.593ms
[2022-05-13T22:36:24.219+0700][1.804s] GC(4) Concurrent Mark
[2022-05-13T22:36:24.219+0700][1.804s] GC(4) Concurrent Mark From Roots
[2022-05-13T22:36:24.219+0700][1.804s] GC(4) Using 2 workers of 2 for marking
[2022-05-13T22:36:24.229+0700][1.813s] GC(4) Concurrent Mark From Roots 8.950ms
[2022-05-13T22:36:24.229+0700][1.813s] GC(4) Concurrent Preclean
[2022-05-13T22:36:24.229+0700][1.813s] GC(4) Concurrent Preclean 0.065ms
[2022-05-13T22:36:24.229+0700][1.814s] GC(4) Pause Remark
[2022-05-13T22:36:24.229+0700][1.815s] GC(4) Pause Remark 25M->25M(512M) 1.252ms
[2022-05-13T22:36:24.229+0700][1.815s] GC(4) User=0.00s Sys=0.00s Real=0.00s
[2022-05-13T22:36:24.229+0700][1.815s] GC(4) Concurrent Mark 10.648ms
[2022-05-13T22:36:24.229+0700][1.815s] GC(4) Concurrent Rebuild Remembered Sets
[2022-05-13T22:36:24.239+0700][1.819s] GC(4) Concurrent Rebuild Remembered Sets 4.364ms
[2022-05-13T22:36:24.239+0700][1.819s] GC(4) Pause Cleanup
[2022-05-13T22:36:24.239+0700][1.820s] GC(4) Pause Cleanup 26M->26M(512M) 0.170ms
[2022-05-13T22:36:24.239+0700][1.820s] GC(4) User=0.00s Sys=0.00s Real=0.00s
[2022-05-13T22:36:24.239+0700][1.820s] GC(4) Concurrent Cleanup for Next Mark
[2022-05-13T22:36:24.239+0700][1.820s] GC(4) Concurrent Cleanup for Next Mark 0.544ms
[2022-05-13T22:36:24.239+0700][1.820s] GC(4) Concurrent Mark Cycle 16.692ms
[2022-05-13T22:36:29.919+0700][7.503s] GC(5) Pause Young (Prepare Mixed) (Metadata GC Threshold)
[2022-05-13T22:36:29.919+0700][7.503s] GC(5) Using 8 workers of 8 for evacuation
[2022-05-13T22:36:29.933+0700][7.511s] GC(5)   Pre Evacuate Collection Set: 0.0ms
[2022-05-13T22:36:29.933+0700][7.511s] GC(5)   Merge Heap Roots: 0.0ms
[2022-05-13T22:36:29.933+0700][7.511s] GC(5)   Evacuate Collection Set: 6.3ms
[2022-05-13T22:36:29.933+0700][7.511s] GC(5)   Post Evacuate Collection Set: 0.7ms
[2022-05-13T22:36:29.933+0700][7.511s] GC(5)   Other: 0.1ms
[2022-05-13T22:36:29.933+0700][7.511s] GC(5) Eden regions: 79->0(13)
[2022-05-13T22:36:29.933+0700][7.511s] GC(5) Survivor regions: 6->12(23)
[2022-05-13T22:36:29.933+0700][7.511s] GC(5) Old regions: 15->15
[2022-05-13T22:36:29.933+0700][7.511s] GC(5) Archive regions: 0->0
[2022-05-13T22:36:29.933+0700][7.511s] GC(5) Humongous regions: 5->4
[2022-05-13T22:36:29.933+0700][7.511s] GC(5) Metaspace: 36114K(36416K)->36114K(36416K) NonClass: 31858K(32000K)->31858K(32000K) Class: 4255K(4416K)->4255K(4416K)
[2022-05-13T22:36:29.933+0700][7.511s] GC(5) Pause Young (Prepare Mixed) (Metadata GC Threshold) 103M->30M(512M) 7.382ms
[2022-05-13T22:36:29.933+0700][7.511s] GC(5) User=0.09s Sys=0.00s Real=0.01s
[2022-05-13T22:36:29.952+0700][7.530s] GC(6) Pause Young (Mixed) (Metadata GC Threshold)
[2022-05-13T22:36:29.952+0700][7.530s] GC(6) Using 8 workers of 8 for evacuation
[2022-05-13T22:36:29.957+0700][7.535s] GC(6)   Pre Evacuate Collection Set: 0.1ms
[2022-05-13T22:36:29.957+0700][7.535s] GC(6)   Merge Heap Roots: 0.0ms
[2022-05-13T22:36:29.957+0700][7.535s] GC(6)   Evacuate Collection Set: 4.4ms
[2022-05-13T22:36:29.957+0700][7.535s] GC(6)   Post Evacuate Collection Set: 0.5ms
[2022-05-13T22:36:29.957+0700][7.535s] GC(6)   Other: 0.2ms
[2022-05-13T22:36:29.958+0700][7.535s] GC(6) Eden regions: 2->0(306)
[2022-05-13T22:36:29.958+0700][7.535s] GC(6) Survivor regions: 12->1(4)
[2022-05-13T22:36:29.958+0700][7.535s] GC(6) Old regions: 15->26
[2022-05-13T22:36:29.958+0700][7.535s] GC(6) Archive regions: 0->0
[2022-05-13T22:36:29.958+0700][7.535s] GC(6) Humongous regions: 4->4
[2022-05-13T22:36:29.958+0700][7.535s] GC(6) Metaspace: 36422K(36736K)->36422K(36736K) NonClass: 32119K(32256K)->32119K(32256K) Class: 4303K(4480K)->4303K(4480K)
[2022-05-13T22:36:29.958+0700][7.535s] GC(6) Pause Young (Mixed) (Metadata GC Threshold) 31M->30M(512M) 5.632ms
[2022-05-13T22:36:29.958+0700][7.535s] GC(6) User=0.12s Sys=0.00s Real=0.01s
[2022-05-13T22:36:30.053+0700][7.631s] GC(7) Pause Young (Concurrent Start) (Metadata GC Threshold)
[2022-05-13T22:36:30.053+0700][7.631s] GC(7) Using 8 workers of 8 for evacuation
[2022-05-13T22:36:30.055+0700][7.632s] GC(7)   Pre Evacuate Collection Set: 0.1ms
[2022-05-13T22:36:30.055+0700][7.632s] GC(7)   Merge Heap Roots: 0.0ms
[2022-05-13T22:36:30.055+0700][7.632s] GC(7)   Evacuate Collection Set: 0.9ms
[2022-05-13T22:36:30.055+0700][7.632s] GC(7)   Post Evacuate Collection Set: 0.3ms
[2022-05-13T22:36:30.055+0700][7.632s] GC(7)   Other: 0.2ms
[2022-05-13T22:36:30.055+0700][7.632s] GC(7) Eden regions: 6->0(306)
[2022-05-13T22:36:30.055+0700][7.632s] GC(7) Survivor regions: 1->1(39)
[2022-05-13T22:36:30.055+0700][7.632s] GC(7) Old regions: 26->26
[2022-05-13T22:36:30.055+0700][7.632s] GC(7) Archive regions: 0->0
[2022-05-13T22:36:30.055+0700][7.632s] GC(7) Humongous regions: 4->4
[2022-05-13T22:36:30.055+0700][7.632s] GC(7) Metaspace: 36809K(37056K)->36809K(37056K) NonClass: 32481K(32576K)->32481K(32576K) Class: 4327K(4480K)->4327K(4480K)
[2022-05-13T22:36:30.055+0700][7.633s] GC(7) Pause Young (Concurrent Start) (Metadata GC Threshold) 36M->30M(512M) 1.762ms
[2022-05-13T22:36:30.055+0700][7.633s] GC(7) User=0.00s Sys=0.00s Real=0.00s
[2022-05-13T22:36:30.055+0700][7.633s] GC(8) Concurrent Mark Cycle
[2022-05-13T22:36:30.055+0700][7.633s] GC(8) Concurrent Clear Claimed Marks
[2022-05-13T22:36:30.055+0700][7.633s] GC(8) Concurrent Clear Claimed Marks 0.030ms
[2022-05-13T22:36:30.055+0700][7.633s] GC(8) Concurrent Scan Root Regions
[2022-05-13T22:36:30.056+0700][7.634s] GC(8) Concurrent Scan Root Regions 0.896ms
[2022-05-13T22:36:30.056+0700][7.634s] GC(8) Concurrent Mark
[2022-05-13T22:36:30.056+0700][7.634s] GC(8) Concurrent Mark From Roots
[2022-05-13T22:36:30.056+0700][7.634s] GC(8) Using 2 workers of 2 for marking
[2022-05-13T22:36:30.080+0700][7.659s] GC(8) Concurrent Mark From Roots 24.906ms
[2022-05-13T22:36:30.081+0700][7.659s] GC(8) Concurrent Preclean
[2022-05-13T22:36:30.081+0700][7.659s] GC(8) Concurrent Preclean 0.203ms
[2022-05-13T22:36:30.081+0700][7.659s] GC(8) Pause Remark
[2022-05-13T22:36:30.083+0700][7.661s] GC(8) Pause Remark 32M->32M(512M) 2.376ms
[2022-05-13T22:36:30.083+0700][7.661s] GC(8) User=0.00s Sys=0.00s Real=0.00s
[2022-05-13T22:36:30.084+0700][7.662s] GC(8) Concurrent Mark 28.122ms
[2022-05-13T22:36:30.084+0700][7.662s] GC(8) Concurrent Rebuild Remembered Sets
[2022-05-13T22:36:30.094+0700][7.672s] GC(8) Concurrent Rebuild Remembered Sets 10.449ms
[2022-05-13T22:36:30.094+0700][7.672s] GC(8) Pause Cleanup
[2022-05-13T22:36:30.094+0700][7.672s] GC(8) Pause Cleanup 32M->32M(512M) 0.096ms
[2022-05-13T22:36:30.094+0700][7.672s] GC(8) User=0.00s Sys=0.00s Real=0.00s
[2022-05-13T22:36:30.094+0700][7.672s] GC(8) Concurrent Cleanup for Next Mark
[2022-05-13T22:36:30.095+0700][7.673s] GC(8) Concurrent Cleanup for Next Mark 0.896ms
[2022-05-13T22:36:30.095+0700][7.673s] GC(8) Concurrent Mark Cycle 40.852ms
[2022-05-13T22:42:00.655+0700][338.233s] Heap
[2022-05-13T22:42:00.655+0700][338.233s]  garbage-first heap   total 524288K, used 125590K [0x00000000e0000000, 0x0000000100000000)
[2022-05-13T22:42:00.655+0700][338.233s]   region size 1024K, 93 young (95232K), 1 survivors (1024K)
[2022-05-13T22:42:00.655+0700][338.233s]  Metaspace       used 48056K, committed 48384K, reserved 1097728K
[2022-05-13T22:42:00.655+0700][338.233s]   class space    used 5780K, committed 5952K, reserved 1048576K
