[2022-05-17T13:59:37.733+0700][0.012s] Using G1
[2022-05-17T13:59:37.862+0700][0.141s] Version: 17.0.3.1+2-LTS-6 (release)
[2022-05-17T13:59:37.862+0700][0.141s] CPUs: 8 total, 8 available
[2022-05-17T13:59:37.862+0700][0.141s] Memory: 8029M
[2022-05-17T13:59:37.862+0700][0.141s] Large Page Support: Disabled
[2022-05-17T13:59:37.862+0700][0.141s] NUMA Support: Disabled
[2022-05-17T13:59:37.862+0700][0.141s] Compressed Oops: Enabled (32-bit)
[2022-05-17T13:59:37.862+0700][0.141s] Heap Region Size: 1M
[2022-05-17T13:59:37.862+0700][0.141s] Heap Min Capacity: 512M
[2022-05-17T13:59:37.862+0700][0.141s] Heap Initial Capacity: 512M
[2022-05-17T13:59:37.862+0700][0.141s] Heap Max Capacity: 512M
[2022-05-17T13:59:37.862+0700][0.141s] Pre-touch: Enabled
[2022-05-17T13:59:37.862+0700][0.142s] Parallel Workers: 8
[2022-05-17T13:59:37.862+0700][0.142s] Concurrent Workers: 2
[2022-05-17T13:59:37.862+0700][0.142s] Concurrent Refinement Workers: 8
[2022-05-17T13:59:37.862+0700][0.142s] Periodic GC: Disabled
[2022-05-17T13:59:37.863+0700][0.142s] CDS archive(s) mapped at: [0x0000000800000000-0x0000000800bc0000-0x0000000800bc0000), size 12320768, SharedBaseAddress: 0x0000000800000000, ArchiveRelocationMode: 0.
[2022-05-17T13:59:37.863+0700][0.142s] Compressed class space mapped at: 0x0000000800c00000-0x0000000840c00000, reserved size: 1073741824
[2022-05-17T13:59:37.863+0700][0.142s] Narrow klass base: 0x0000000800000000, Narrow klass shift: 0, Narrow klass range: 0x100000000
[2022-05-17T13:59:38.572+0700][0.850s] GC(0) Pause Young (Normal) (G1 Evacuation Pause)
[2022-05-17T13:59:38.572+0700][0.851s] GC(0) Using 8 workers of 8 for evacuation
[2022-05-17T13:59:38.576+0700][0.855s] GC(0)   Pre Evacuate Collection Set: 0.1ms
[2022-05-17T13:59:38.576+0700][0.855s] GC(0)   Merge Heap Roots: 0.0ms
[2022-05-17T13:59:38.576+0700][0.855s] GC(0)   Evacuate Collection Set: 3.5ms
[2022-05-17T13:59:38.576+0700][0.855s] GC(0)   Post Evacuate Collection Set: 0.4ms
[2022-05-17T13:59:38.576+0700][0.855s] GC(0)   Other: 0.4ms
[2022-05-17T13:59:38.576+0700][0.855s] GC(0) Eden regions: 29->0(37)
[2022-05-17T13:59:38.576+0700][0.855s] GC(0) Survivor regions: 0->4(4)
[2022-05-17T13:59:38.576+0700][0.855s] GC(0) Old regions: 0->3
[2022-05-17T13:59:38.576+0700][0.855s] GC(0) Archive regions: 0->0
[2022-05-17T13:59:38.576+0700][0.855s] GC(0) Humongous regions: 4->4
[2022-05-17T13:59:38.576+0700][0.855s] GC(0) Metaspace: 9903K(10112K)->9903K(10112K) NonClass: 8735K(8832K)->8735K(8832K) Class: 1167K(1280K)->1167K(1280K)
[2022-05-17T13:59:38.576+0700][0.855s] GC(0) Pause Young (Normal) (G1 Evacuation Pause) 33M->10M(512M) 4.560ms
[2022-05-17T13:59:38.576+0700][0.855s] GC(0) User=0.09s Sys=0.00s Real=0.00s
[2022-05-17T13:59:38.972+0700][1.250s] GC(1) Pause Young (Normal) (G1 Evacuation Pause)
[2022-05-17T13:59:38.972+0700][1.250s] GC(1) Using 8 workers of 8 for evacuation
[2022-05-17T13:59:38.978+0700][1.257s] GC(1)   Pre Evacuate Collection Set: 0.1ms
[2022-05-17T13:59:38.978+0700][1.257s] GC(1)   Merge Heap Roots: 0.0ms
[2022-05-17T13:59:38.978+0700][1.257s] GC(1)   Evacuate Collection Set: 5.8ms
[2022-05-17T13:59:38.978+0700][1.257s] GC(1)   Post Evacuate Collection Set: 0.6ms
[2022-05-17T13:59:38.978+0700][1.257s] GC(1)   Other: 0.1ms
[2022-05-17T13:59:38.978+0700][1.257s] GC(1) Eden regions: 32->0(46)
[2022-05-17T13:59:38.978+0700][1.257s] GC(1) Survivor regions: 4->5(5)
[2022-05-17T13:59:38.978+0700][1.257s] GC(1) Old regions: 3->11
[2022-05-17T13:59:38.978+0700][1.257s] GC(1) Archive regions: 0->0
[2022-05-17T13:59:38.978+0700][1.257s] GC(1) Humongous regions: 4->4
[2022-05-17T13:59:38.978+0700][1.257s] GC(1) Metaspace: 15552K(15744K)->15552K(15744K) NonClass: 13734K(13824K)->13734K(13824K) Class: 1818K(1920K)->1818K(1920K)
[2022-05-17T13:59:38.978+0700][1.257s] GC(1) Pause Young (Normal) (G1 Evacuation Pause) 42M->19M(512M) 6.706ms
[2022-05-17T13:59:38.978+0700][1.257s] GC(1) User=0.00s Sys=0.00s Real=0.01s
[2022-05-17T13:59:39.354+0700][1.632s] GC(2) Pause Young (Normal) (G1 Evacuation Pause)
[2022-05-17T13:59:39.354+0700][1.632s] GC(2) Using 8 workers of 8 for evacuation
[2022-05-17T13:59:39.357+0700][1.636s] GC(2)   Pre Evacuate Collection Set: 0.0ms
[2022-05-17T13:59:39.357+0700][1.636s] GC(2)   Merge Heap Roots: 0.0ms
[2022-05-17T13:59:39.357+0700][1.636s] GC(2)   Evacuate Collection Set: 3.0ms
[2022-05-17T13:59:39.357+0700][1.636s] GC(2)   Post Evacuate Collection Set: 0.5ms
[2022-05-17T13:59:39.357+0700][1.636s] GC(2)   Other: 0.1ms
[2022-05-17T13:59:39.357+0700][1.636s] GC(2) Eden regions: 46->0(96)
[2022-05-17T13:59:39.357+0700][1.636s] GC(2) Survivor regions: 5->6(7)
[2022-05-17T13:59:39.357+0700][1.636s] GC(2) Old regions: 11->16
[2022-05-17T13:59:39.357+0700][1.636s] GC(2) Archive regions: 0->0
[2022-05-17T13:59:39.357+0700][1.636s] GC(2) Humongous regions: 4->4
[2022-05-17T13:59:39.357+0700][1.636s] GC(2) Metaspace: 20854K(21120K)->20854K(21120K) NonClass: 18509K(18624K)->18509K(18624K) Class: 2345K(2496K)->2345K(2496K)
[2022-05-17T13:59:39.357+0700][1.636s] GC(2) Pause Young (Normal) (G1 Evacuation Pause) 65M->25M(512M) 3.933ms
[2022-05-17T13:59:39.357+0700][1.636s] GC(2) User=0.09s Sys=0.02s Real=0.00s
[2022-05-17T13:59:39.371+0700][1.650s] GC(3) Pause Young (Concurrent Start) (Metadata GC Threshold)
[2022-05-17T13:59:39.371+0700][1.650s] GC(3) Using 8 workers of 8 for evacuation
[2022-05-17T13:59:39.373+0700][1.651s] GC(3)   Pre Evacuate Collection Set: 0.0ms
[2022-05-17T13:59:39.373+0700][1.651s] GC(3)   Merge Heap Roots: 0.0ms
[2022-05-17T13:59:39.373+0700][1.651s] GC(3)   Evacuate Collection Set: 1.2ms
[2022-05-17T13:59:39.373+0700][1.651s] GC(3)   Post Evacuate Collection Set: 0.2ms
[2022-05-17T13:59:39.373+0700][1.651s] GC(3)   Other: 0.2ms
[2022-05-17T13:59:39.373+0700][1.651s] GC(3) Eden regions: 2->0(162)
[2022-05-17T13:59:39.373+0700][1.651s] GC(3) Survivor regions: 6->5(13)
[2022-05-17T13:59:39.373+0700][1.651s] GC(3) Old regions: 16->16
[2022-05-17T13:59:39.373+0700][1.651s] GC(3) Archive regions: 0->0
[2022-05-17T13:59:39.373+0700][1.651s] GC(3) Humongous regions: 4->4
[2022-05-17T13:59:39.373+0700][1.651s] GC(3) Metaspace: 21256K(21504K)->21256K(21504K) NonClass: 18850K(18944K)->18850K(18944K) Class: 2406K(2560K)->2406K(2560K)
[2022-05-17T13:59:39.373+0700][1.651s] GC(3) Pause Young (Concurrent Start) (Metadata GC Threshold) 27M->24M(512M) 1.747ms
[2022-05-17T13:59:39.373+0700][1.652s] GC(3) User=0.00s Sys=0.00s Real=0.00s
[2022-05-17T13:59:39.373+0700][1.652s] GC(4) Concurrent Mark Cycle
[2022-05-17T13:59:39.373+0700][1.652s] GC(4) Concurrent Clear Claimed Marks
[2022-05-17T13:59:39.373+0700][1.652s] GC(4) Concurrent Clear Claimed Marks 0.029ms
[2022-05-17T13:59:39.373+0700][1.652s] GC(4) Concurrent Scan Root Regions
[2022-05-17T13:59:39.373+0700][1.652s] GC(4) Concurrent Scan Root Regions 0.573ms
[2022-05-17T13:59:39.373+0700][1.652s] GC(4) Concurrent Mark
[2022-05-17T13:59:39.373+0700][1.652s] GC(4) Concurrent Mark From Roots
[2022-05-17T13:59:39.373+0700][1.652s] GC(4) Using 2 workers of 2 for marking
[2022-05-17T13:59:39.383+0700][1.662s] GC(4) Concurrent Mark From Roots 9.536ms
[2022-05-17T13:59:39.383+0700][1.662s] GC(4) Concurrent Preclean
[2022-05-17T13:59:39.383+0700][1.662s] GC(4) Concurrent Preclean 0.061ms
[2022-05-17T13:59:39.383+0700][1.662s] GC(4) Pause Remark
[2022-05-17T13:59:39.384+0700][1.663s] GC(4) Pause Remark 26M->26M(512M) 0.868ms
[2022-05-17T13:59:39.384+0700][1.663s] GC(4) User=0.00s Sys=0.00s Real=0.00s
[2022-05-17T13:59:39.384+0700][1.663s] GC(4) Concurrent Mark 10.736ms
[2022-05-17T13:59:39.384+0700][1.663s] GC(4) Concurrent Rebuild Remembered Sets
[2022-05-17T13:59:39.391+0700][1.670s] GC(4) Concurrent Rebuild Remembered Sets 7.171ms
[2022-05-17T13:59:39.392+0700][1.670s] GC(4) Pause Cleanup
[2022-05-17T13:59:39.392+0700][1.670s] GC(4) Pause Cleanup 28M->28M(512M) 0.132ms
[2022-05-17T13:59:39.392+0700][1.670s] GC(4) User=0.00s Sys=0.00s Real=0.00s
[2022-05-17T13:59:39.392+0700][1.670s] GC(4) Concurrent Cleanup for Next Mark
[2022-05-17T13:59:39.392+0700][1.671s] GC(4) Concurrent Cleanup for Next Mark 0.742ms
[2022-05-17T13:59:39.393+0700][1.671s] GC(4) Concurrent Mark Cycle 19.760ms
[2022-05-17T13:59:44.855+0700][7.134s] GC(5) Pause Young (Concurrent Start) (Metadata GC Threshold)
[2022-05-17T13:59:44.855+0700][7.134s] GC(5) Using 8 workers of 8 for evacuation
[2022-05-17T13:59:44.860+0700][7.139s] GC(5)   Pre Evacuate Collection Set: 0.1ms
[2022-05-17T13:59:44.860+0700][7.139s] GC(5)   Merge Heap Roots: 0.0ms
[2022-05-17T13:59:44.860+0700][7.139s] GC(5)   Evacuate Collection Set: 4.8ms
[2022-05-17T13:59:44.860+0700][7.139s] GC(5)   Post Evacuate Collection Set: 0.4ms
[2022-05-17T13:59:44.860+0700][7.139s] GC(5)   Other: 0.1ms
[2022-05-17T13:59:44.860+0700][7.139s] GC(5) Eden regions: 85->0(295)
[2022-05-17T13:59:44.860+0700][7.139s] GC(5) Survivor regions: 5->12(21)
[2022-05-17T13:59:44.860+0700][7.139s] GC(5) Old regions: 16->16
[2022-05-17T13:59:44.860+0700][7.139s] GC(5) Archive regions: 0->0
[2022-05-17T13:59:44.860+0700][7.139s] GC(5) Humongous regions: 5->4
[2022-05-17T13:59:44.860+0700][7.139s] GC(5) Metaspace: 36167K(36416K)->36167K(36416K) NonClass: 31901K(32000K)->31901K(32000K) Class: 4265K(4416K)->4265K(4416K)
[2022-05-17T13:59:44.860+0700][7.139s] GC(5) Pause Young (Concurrent Start) (Metadata GC Threshold) 110M->31M(512M) 5.466ms
[2022-05-17T13:59:44.860+0700][7.139s] GC(5) User=0.00s Sys=0.00s Real=0.00s
[2022-05-17T13:59:44.860+0700][7.139s] GC(6) Concurrent Mark Cycle
[2022-05-17T13:59:44.860+0700][7.139s] GC(6) Concurrent Clear Claimed Marks
[2022-05-17T13:59:44.860+0700][7.139s] GC(6) Concurrent Clear Claimed Marks 0.021ms
[2022-05-17T13:59:44.860+0700][7.139s] GC(6) Concurrent Scan Root Regions
[2022-05-17T13:59:44.864+0700][7.142s] GC(6) Concurrent Scan Root Regions 3.108ms
[2022-05-17T13:59:44.864+0700][7.142s] GC(6) Concurrent Mark
[2022-05-17T13:59:44.864+0700][7.142s] GC(6) Concurrent Mark From Roots
[2022-05-17T13:59:44.864+0700][7.142s] GC(6) Using 2 workers of 2 for marking
[2022-05-17T13:59:44.877+0700][7.156s] GC(6) Concurrent Mark From Roots 13.171ms
[2022-05-17T13:59:44.877+0700][7.156s] GC(6) Concurrent Preclean
[2022-05-17T13:59:44.877+0700][7.156s] GC(6) Concurrent Preclean 0.069ms
[2022-05-17T13:59:44.877+0700][7.156s] GC(6) Pause Remark
[2022-05-17T13:59:44.878+0700][7.157s] GC(6) Pause Remark 33M->33M(512M) 1.368ms
[2022-05-17T13:59:44.878+0700][7.157s] GC(6) User=0.00s Sys=0.00s Real=0.00s
[2022-05-17T13:59:44.878+0700][7.157s] GC(6) Concurrent Mark 14.795ms
[2022-05-17T13:59:44.878+0700][7.157s] GC(6) Concurrent Rebuild Remembered Sets
[2022-05-17T13:59:44.884+0700][7.163s] GC(6) Concurrent Rebuild Remembered Sets 5.883ms
[2022-05-17T13:59:44.884+0700][7.163s] GC(6) Pause Cleanup
[2022-05-17T13:59:44.885+0700][7.163s] GC(6) Pause Cleanup 33M->33M(512M) 0.102ms
[2022-05-17T13:59:44.885+0700][7.163s] GC(6) User=0.00s Sys=0.00s Real=0.00s
[2022-05-17T13:59:44.885+0700][7.163s] GC(6) Concurrent Cleanup for Next Mark
[2022-05-17T13:59:44.885+0700][7.164s] GC(6) Concurrent Cleanup for Next Mark 0.591ms
[2022-05-17T13:59:44.885+0700][7.164s] GC(6) Concurrent Mark Cycle 24.820ms
[2022-05-17T14:03:12.649+0700][214.928s] Heap
[2022-05-17T14:03:12.649+0700][214.928s]  garbage-first heap   total 524288K, used 127579K [0x00000000e0000000, 0x0000000100000000)
[2022-05-17T14:03:12.649+0700][214.928s]   region size 1024K, 106 young (108544K), 12 survivors (12288K)
[2022-05-17T14:03:12.649+0700][214.928s]  Metaspace       used 47403K, committed 47744K, reserved 1097728K
[2022-05-17T14:03:12.649+0700][214.928s]   class space    used 5728K, committed 5888K, reserved 1048576K
